<!-- investing.log -- append-only event log for investing activity
     Append entries at the bottom. Never edit old entries.
     Format: ## [ENT-NNN] | YYYY-MM-DD HH:MM UTC | Agent | category | ref: path/to/file.md | see: artifact_id
     Category: investing
     See: logbook/protocol.md for full spec
-->

## [ENT-001] | 2026-08-19 17:44 UTC | Neo | investing | ref: governance/template-inv-dcf.md | see: 20260819T174217Z
Session: First session -- preflight verified, 5 investment scoreboard
templates built, pipeline files removed, stale references cleaned.
Workstreams:
- Preflight skill verified end-to-end (all 11 steps PASS, zero HALTs).
- Designed and built 5 template-inv-*.md files in governance/ (DCF,
  moat, management, financial, sector). Each is a lean scoreboard with
  compliance checklist, self-contained, referencing its framework file.
- Removed 5 obsolete investing/pipeline/ files (approach changed).
- Cleaned 36 stale references across 13 files (R9 sweep).
- Fixed duplicate frontmatter IDs (CI gate caught the error).
- Updated FRAMEWORKS.md: replaced Brain Frameworks section with Output
  Templates section.
Reflection: 2026-08-19_neo_templates-vs-frameworks-separation.

## [ENT-002] | 2026-08-22 20:05 UTC | Neo | investing | ref: knowledge/ (workspace) | see: 20260822T200524Z
Session: Knowledge-base buildout completed -- 11 files, full pipeline coverage.
Workstreams:
- Five deep-research cycles: when-to-sell, sector-specific-valuation, circle-of-competence, discount-rates, stock-screening.
- LEARNINGS.md redesigned to inbox lifecycle: verified-promotion removal, skip-if-covered; six promoted entries swept.
- knowledge-guide.md: Header rule added, frontmatter name fixed, section numbering updated; all 11 file headers cleaned.
- learnings-capture skill extended (query-first, promotion removal 2b, sweep 2c); session-end now references it.
- TASKS.md: candidate dry-run queue at 9 components, circle-gate first; exit-logic task removed per Suggi (not testable).
Reflection: 2026-08-22_neo_map-completion-and-the-inbox-discipline.md.

## [ENT-003] | 2026-08-31 08:35 UTC | Neo | investing | ref: reflections/2026-08-31_neo_verification-must-precede-the-claim.md | see: 20260831T083220Z
Session: Filing-ingestion design and memory-system verification.
Workstreams:
- Verified watcher paths, live log roles, and the completed
  `/opt/repo-tools` fleet migration; corrected stale durable memory.
- Inspected the investing indexer: PDFs are silently skipped because
  only Markdown is indexed; designed a PDF-plus-Markdown-twin flow.
- Verified shared Mnemosyne direct retrieval and merged regular recall
  against the updated AGENTS.md contract.
- No investing learning or task-board change warranted; no listed task
  was completed and Suggi directed that no new tasks be added.
Reflection: 2026-08-31_neo_verification-must-precede-the-claim.md.
