<!-- library.log archive -- ENT-495 to ENT-509
     Moved from active log on 2026-09-24 12:05 UTC
     Active log continues from ENT-510 onward.
     See logbook/protocol.md for full spec.
-->

## [ENT-495] | 2026-09-22 16:25 UTC | Librarian | library | ref: library/finance/banking-maturity-transformation.md | see: 20260726T213149Z
Review cycle: 1 topics reviewed, 0 current, 1 rewritten.
Topics:
- Banking -- Maturity Transformation Creates Useful Credit and Runnable Balance Sheets (finance): rewritten (corrected material historical, regulatory, and SVB causal mismatches; expanded all four mandatory sections and replaced stale or weak sources with 26 primary and academic sources).
Domain coverage: reviewed across 1 domains.

## [ENT-496] | 2026-09-22 17:00 UTC | Librarian | library | ref: library/law-regulation/tort-law-and-civil-liability.md | see: 20260922T164534Z
Wrote topic Tort Law and Civil Liability -- How Legal Systems Allocate Loss and Define Duty to law-regulation. Weighted score: 9.7/10.0
(core=9.8, scope=9.8, value=9.2, authority=9.5).
Similarity overlap: 15%.
Sources: 16 (16 high, 0 medium, 0 low).
Cross-references: 4 topics.

## [ENT-497] | 2026-09-22 17:05 UTC | Librarian | library | ref: library/science/cell-biology.md | see: 20260730T110403Z
Review cycle: 1 topics reviewed, 0 current, 1 rewritten.
Topics:
- Cell Biology (science): rewritten (corrected historical, organelle, signaling, cell-cycle, death, inheritance, and biotechnology claims; updated all mandatory sections and 21 sources)
Domain coverage: reviewed across 1 domains.

## [ENT-498] | 2026-09-22 17:32 UTC | Librarian | library | ref: library/law-regulation/administrative-law-and-agency-rulemaking.md
Review cycle: 1 topics reviewed, 0 current, 1 rewritten.
Topics:
- Administrative Law Makes Agency Power Operational but Keeps It Legally Bounded (law-regulation): rewritten (corrected unsupported ICC sourcing and added 2025-2026 nondelegation, review-channel, and jury-trial holdings; updated nine source entries and five sections)
Domain coverage: reviewed across 1 domains.

## [ENT-499] | 2026-09-22 17:53 UTC | Librarian | library | ref: library/history/1918-influenza-pandemic-war-public-health-and-demographic-change.md | see: 20260922T173517Z
Wrote topic The 1918 Influenza Pandemic -- War, Public Health, and Demographic Change to history. Weighted score: 9.6/10.0
(core=9.6, scope=9.7, value=9.4, authority=9.5).
Similarity overlap: 43%.
Sources: 21 (21 high, 0 medium, 0 low).
Cross-references: 4 topics.

## [ENT-500] | 2026-09-22 18:02 UTC | Librarian | library | ref: library/candidate-queue.md
Discovery cycle: 5 domains scanned, 3 candidates proposed, 1 skipped (queue capped at 25).
Candidates:
- Valuing Financial Institutions -- Banks, Insurers, and Other Balance-Sheet Businesses (9.25): gap=9.0, compounding=9.4, timeliness=9.0, balance=10.0
- Fund Liquidity Design -- Redemption Terms, Asset Liquidity, and Forced-Selling Risk (9.00): gap=8.5, compounding=9.2, timeliness=9.0, balance=10.0
- Structural Health Monitoring and Condition-Based Maintenance -- Detecting Deterioration Before Physical Assets Fail (8.94): gap=8.5, compounding=9.1, timeliness=8.8, balance=10.0
Skipped (queue capacity):
- Peer Learning and Collaborative Education -- Designing Productive Learning Through Interaction (8.76): gap=8.4, compounding=8.9, timeliness=8.4, balance=10.0
Domain balance: education-learning, engineering-infrastructure, investment-vehicles-fund-structures, technology, and valuation-screening (10 topics) to education-learning, engineering-infrastructure, investment-vehicles-fund-structures, technology, and valuation-screening (10 topics).

## [ENT-501] | 2026-09-22 18:09 UTC | Librarian | library | ref: library/ethics-philosophy/bioethics.md | see: 20260730T114600Z
Review cycle: 1 topics reviewed, 0 current, 1 rewritten.
Topics:
- Bioethics (ethics-philosophy): rewritten (corrected the bioethics origin, Hippocratic maxim, Common Rule scope, informed-consent standard, current Helsinki edition, IRB evidence, opioid double-effect claim, and allocation framing; expanded evidence and updated sources from 6 to 22).
Domain coverage: reviewed across 1 domains.

## [ENT-502] | 2026-09-22 18:25 UTC | Librarian | library | ref: library/probabilistic-thinking-forecasting/fermi-estimation-and-decomposition.md | see: 20260922T180956Z
Wrote topic Fermi Estimation and Decomposition -- Building Useful Estimates From Sparse Information to probabilistic-thinking-forecasting. Weighted score: 9.7/10.0
(core=10.0, scope=9.8, value=9.3, authority=9.5).
Similarity overlap: 20%.
Sources: 13 (12 high, 1 medium, 0 low).
Cross-references: 5 topics.

## [ENT-503] | 2026-09-22 18:44 UTC | Librarian | library | ref: library/psychology-behavior/motivated-reasoning-and-identity-protective-cognition.md | see: 20260922T183644Z
Wrote topic Motivated Reasoning and Identity-Protective Cognition -- How Belief Can Defend Belonging to psychology-behavior. Weighted score: 9.5/10.0
(core=9.6, scope=9.5, value=9.2, authority=9.8).
Similarity overlap: 35%.
Sources: 17 (17 high, 0 medium, 0 low).
Cross-references: 5 topics.

## [ENT-504] | 2026-09-22 19:09 UTC | Librarian | library | ref: library/history/1918-influenza-pandemic-war-public-health-and-demographic-change.md | see: 20260922T173517Z
Review cycle: 1 topics reviewed, 0 current, 1 rewritten.
Topics:
- The 1918 Influenza Pandemic Became a Global Catastrophe Through War Mobilization and Unequal State Capacity (history): rewritten (corrected causal-language, regional-denominator, regression-sample, cohort-identification, intervention-study, and source-version mismatches; added 2 high-authority sources and expanded inequality and demographic-evidence sections)
Domain coverage: reviewed across 1 domains.

## [ENT-505] | 2026-09-22 19:23 UTC | Librarian | library | ref: library/notable-people/rachel-carson-evidence-public-communication-and-environmental-reform.md | see: 20260922T191003Z
Wrote topic Rachel Carson -- Evidence, Public Communication, and Environmental Reform to notable-people. Weighted score: 9.4/10.0
(core=9.2, scope=9.6, value=9.3, authority=9.4).
Similarity overlap: 18%.
Sources: 16 (16 high, 0 medium, 0 low).
Cross-references: 4 topics.

## [ENT-506] | 2026-09-22 19:34 UTC | Librarian | library | ref: library/probabilistic-thinking-forecasting/base-rate-neglect.md | see: 20260805T103135Z
Review cycle: 1 topic reviewed, 0 current, 1 rewritten.
Topics:
- Base Rate Neglect -- Why Vivid Evidence Looks More Diagnostic Than It Is (probabilistic-thinking-forecasting): rewritten (corrected the false Meehl-Rosen attribution, overstated complete-neglect and natural-frequency claims, unsupported real-world generalizations, and uncited 2022 evidence; updated all mandatory sections, calculations, inline citations, cross-references, and sources)
Domain coverage: reviewed across 1 domain.

## [ENT-507] | 2026-09-22 19:43 UTC | Librarian | library | ref: library/history/french-revolution-revolution-rights-and-remaking-political-order.md | see: 20260922T193511Z
Wrote topic The French Revolution -- Revolution, Rights, and the Remaking of Political Order to history. Weighted score: 9.7/10.0
(core=9.8, scope=9.8, value=9.5, authority=9.5).
Similarity overlap: 18%.
Sources: 18 (17 high, 1 medium, 0 low).
Cross-references: 3 topics.

## [ENT-508] | 2026-09-22 20:02 UTC | Librarian | library | ref: library/candidate-queue.md
Discovery cycle: 6 domains scanned, 3 candidates proposed, 3 skipped (queue capped at 25).
Candidates:
- Post-Quantum Cryptography Migration -- Implementing Standards Before Quantum Risk (9.4): gap=9.0, compounding=9.2, timeliness=9.8, balance=10.0
- Regenerative Medicine and Stem-Cell Therapies -- Evidence, Clinical Translation, and Limits (9.3): gap=9.0, compounding=9.2, timeliness=9.3, balance=10.0
- Investment Vehicle Governance and Shareholder Rights -- Control, Oversight, and Minority Protections (9.0): gap=8.7, compounding=9.2, timeliness=8.6, balance=10.0
- Engineering Standards, Codes, and Safety Margins -- Translating Risk into Design Constraints (8.9): gap=8.5, compounding=9.1, timeliness=8.4, balance=10.0
- Private Company Valuation -- Estimating Value Without a Quoted Market Price (8.8): gap=8.2, compounding=9.4, timeliness=8.4, balance=10.0
- Motivation and Engagement in Learning -- Conditions That Sustain Effort and Productive Participation (8.7): gap=8.4, compounding=9.0, timeliness=8.0, balance=10.0
Domain balance: education-learning (10 topics) to valuation-screening (10 topics); all six selected domains tied.

## [ENT-509] | 2026-09-22 20:17 UTC | Librarian | library | ref: library/probabilistic-thinking-forecasting/law-of-small-numbers.md | see: 20260922T200717Z
Wrote topic The Law of Small Numbers -- Why Small Samples Produce False Certainty to probabilistic-thinking-forecasting. Weighted score: 9.9/10.0
(core=10.0, scope=10.0, value=9.4, authority=10.0).
Similarity overlap: 40%.
Sources: 11 (11 high, 0 medium, 0 low).
Cross-references: 5 topics.

