<!-- library.log archive -- ENT-746 to ENT-761
     Moved from active log on 2026-09-30 02:58 UTC
     Active log continues from ENT-762 onward.
     See logbook/protocol.md for full spec.
-->

## [ENT-746] | 2026-09-29 07:39 UTC | Librarian | library | ref: library/mathematics-statistics/calculus-limits-derivatives-integrals-and-the-mathematics-of-change.md | see: 20260929T073410Z
Wrote topic Calculus -- Limits, Derivatives, Integrals, and the Mathematics of Change to mathematics-statistics. Weighted score: 9.8/10.0
(core=10.0, scope=9.8, value=9.5, authority=9.5).
Similarity overlap: 18%.
Sources: 13 (13 high, 0 medium, 0 low).
Cross-references: 4 topics.

## [ENT-747] | 2026-09-29 08:24 UTC | Librarian | library | ref: library/candidate-queue.md
Discovery cycle: 4 domains scanned, 4 candidates proposed, 0 skipped (queue capped at 25).
Candidates:
- Tracking Error and Active Risk Budgets -- Governing Deliberate Deviations From a Benchmark (9.6): gap=9.3, compounding=9.8, timeliness=9.5, balance=10.0
- Motivation and Engagement in Learning -- How Goals, Belonging, and Agency Shape Persistence (9.6): gap=9.2, compounding=9.6, timeliness=9.9, balance=10.0
- Stock-Based Compensation Shenanigans -- When Non-Cash Adjustments Hide Dilution and Recurring Labor Cost (9.4): gap=9.0, compounding=9.4, timeliness=9.7, balance=10.0
- Lou Simpson -- Concentrated Quality Investing Inside GEICO's Insurance Portfolio (9.2): gap=9.4, compounding=9.6, timeliness=7.8, balance=10.0
Domain balance: accounting-financial-shenanigans, education-learning, investors, and portfolio-risk-management (14 topics each) to the same four domains (14 topics each).

## [ENT-748] | 2026-09-29 08:25 UTC | Librarian | library | ref: library/macro-micro/externalities-and-public-goods.md
Review cycle: 1 topics reviewed, 0 current, 1 rewritten.
Topics:
- Externalities and Public Goods -- Market Prices Miss Social Costs and Benefits (macro-micro): rewritten (corrected two superseded Acid Rain Program estimates, updated source 7 and Evidence section)
Domain coverage: reviewed across 1 domains.

## [ENT-749] | 2026-09-29 08:27 UTC | Librarian | library | ref: library/accounting-financial-shenanigans/pension-accounting-assumptions.md | see: 20260929T082259Z
Wrote topic Pension Accounting Assumptions -- How Discount Rates and Expected Returns Reshape Earnings and Obligations to accounting-financial-shenanigans. Weighted score: 8.9/10.0
(core=8.8, scope=8.5, value=9.2, authority=9.6).
Similarity overlap: 25%.
Sources: 10 (10 high, 0 medium, 0 low).
Cross-references: 4 topics.

## [ENT-750] | 2026-09-29 08:42 UTC | Librarian | library | ref: library/portfolio-risk-management/black-litterman-portfolio-allocation.md | see: 20260929T083646Z
Wrote topic Black-Litterman Portfolio Allocation -- Combining Market Equilibrium with Investor Views to portfolio-risk-management. Weighted score: 9.9/10.0
(core=10.0, scope=10.0, value=9.5, authority=9.5).
Similarity overlap: 10%.
Sources: 12 (11 high, 1 medium, 0 low).
Cross-references: 3 topics.

## [ENT-751] | 2026-09-29 08:52 UTC | Librarian | library | ref: library/mathematics-statistics/calculus-limits-derivatives-integrals-and-the-mathematics-of-change.md
Review cycle: 1 topics reviewed, 0 current, 1 rewritten.
Topics:
- Calculus -- Limits Turn Local Change and Global Accumulation into One Coherent Mathematics (mathematics-statistics): rewritten (corrected 1 citation mismatch, updated opening citation).
Domain coverage: reviewed across 1 domain.

## [ENT-752] | 2026-09-29 09:27 UTC | Librarian | library | ref: library/portfolio-risk-management/black-litterman-portfolio-allocation.md
Review cycle: 1 topics reviewed, 0 current, 1 rewritten.
Topics:
- Black-Litterman Allocation Makes Views Auditable, Not Forecasts Infallible (portfolio-risk-management): rewritten (corrected 1 unsupported source-year attribution, updated source 10 citation metadata).
Domain coverage: reviewed across 1 domains.

## [ENT-753] | 2026-09-29 09:32 UTC | Librarian | library | ref: library/investors/walter-schloss-deep-value-wide-diversification-and-fiduciary-simplicity.md | see: 20260929T092721Z
Wrote topic Walter Schloss -- Deep Value, Wide Diversification, and Fiduciary Simplicity to investors. Weighted score: 9.6/10.0
(core=9.7, scope=9.7, value=9.3, authority=9.6).
Similarity overlap: 12%.
Sources: 12 (10 high, 2 medium, 0 low).
Cross-references: 4 topics.

## [ENT-754] | 2026-09-29 09:54 UTC | Librarian | library | ref: library/investors/howard-marks.md
Review cycle: 1 topics reviewed, 0 current, 1 rewritten.
Topics:
- Howard Marks (investors): rewritten (corrected 6 factual and conceptual mismatches; expanded 7 sources to 17 and updated all mandatory sections).
Domain coverage: reviewed across 1 domains.

## [ENT-755] | 2026-09-29 10:03 UTC | Librarian | library | ref: library/candidate-queue.md
Discovery cycle: 6 domains scanned, 3 candidates proposed, 3 skipped (queue capped at 25).
Candidates:
- Infrastructure Asset Management and Lifecycle Costing -- Governing Performance From Construction to Renewal (9.8): gap=9.6, compounding=9.8, timeliness=9.8, balance=10.0
- Agent Planning and Task Decomposition -- Turning Open-Ended Goals Into Verifiable Work Units (9.7): gap=9.4, compounding=9.9, timeliness=10.0, balance=10.0
- Wildfire Science -- How Fuels, Weather, Terrain, and Climate Shape Fire Regimes (9.7): gap=9.4, compounding=9.8, timeliness=9.9, balance=10.0
Domain balance: books, coding-agentic-ai, communication, earth-climate, engineering-infrastructure, and self-improvement (14 topics each) to the same six domains (14 topics each).

## [ENT-756] | 2026-09-29 10:09 UTC | Librarian | library | ref: library/mathematics-statistics/numerical-analysis-approximation-stability-and-error-in-computation.md | see: 20260929T100346Z
Wrote topic Numerical Analysis -- Approximation, Stability, and Error in Computation to mathematics-statistics. Weighted score: 9.7/10.0
(core=9.8, scope=9.7, value=9.6, authority=9.8).
Similarity overlap: 30%.
Sources: 10 (10 high, 0 medium, 0 low).
Cross-references: 4 topics.

## [ENT-757] | 2026-09-29 10:30 UTC | Librarian | library | ref: library/mathematics-statistics/experimental-design.md
Review cycle: 1 topics reviewed, 0 current, 1 rewritten.
Topics:
- Experimental Design -- The Architecture That Separates Evidence from Anecdote (mathematics-statistics): rewritten (corrected MRC mortality and masking, source identifiers, randomization scope, power, factorial-design, placebo, and FDA claims; updated all sections and sources)
Domain coverage: reviewed across 1 domains.

## [ENT-758] | 2026-09-29 10:45 UTC | Librarian | library | ref: library/portfolio-risk-management/currency-hedging-in-global-portfolios.md | see: 20260929T103712Z
Wrote topic Currency Hedging in Global Portfolios -- Managing Exchange-Rate Risk Without Erasing Diversification to portfolio-risk-management. Weighted score: 9.8/10.0
(core=9.8, scope=9.8, value=9.7, authority=9.8).
Similarity overlap: 35%.
Sources: 17 (16 high, 1 medium, 0 low).
Cross-references: 6 topics.

## [ENT-759] | 2026-09-29 11:11 UTC | Librarian | library | ref: library/education-learning/reading-acquisition-and-literacy-instruction.md | see: 20260929T110607Z
Wrote topic Reading Acquisition and Literacy Instruction -- How Learners Turn Print Into Language and Meaning to education-learning. Weighted score: 9.9/10.0
(core=10.0, scope=10.0, value=9.6, authority=10.0).
Similarity overlap: 25%.
Sources: 14 (14 high, 0 medium, 0 low).
Cross-references: 5 topics.

## [ENT-760] | 2026-09-29 11:23 UTC | Librarian | library | ref: library/probabilistic-thinking-forecasting/black-swan-theory.md
Review cycle: 1 topics reviewed, 0 current, 1 rewritten.
Topics:
- Black Swan Theory (probabilistic-thinking-forecasting): rewritten (corrected statistical, forecasting, structured-credit, earthquake, and model-risk claims; updated all body sections and sources).
Domain coverage: reviewed across 1 domains.

## [ENT-761] | 2026-09-29 11:40 UTC | Librarian | library | ref: library/mathematics-statistics/number-theory-primes-congruences-and-the-arithmetic-of-integers.md | see: 20260929T113501Z
Wrote topic Number Theory -- Primes, Congruences, and the Arithmetic of Integers to mathematics-statistics. Weighted score: 9.9/10.0
(core=10.0, scope=9.8, value=9.7, authority=9.8).
Similarity overlap: 18%.
Sources: 11 (11 high, 0 medium, 0 low).
Cross-references: 3 topics.

