<!-- library.log archive -- entries 7-119 (line range)
     Moved from active log on 2026-08-05 12:08 UTC
     Active log continues from ENT-156 onward.
     See logbook/protocol.md for full spec.
-->

## [ENT-141] | 2026-07-29 10:15 UTC | Researcher-1 | library | ref: library/case-studies/new-coke-marketing-disaster.md | see: New Coke: The Greatest Marketing Disaster of the 20th Century
Wrote topic New Coke -- The 1985 Marketing Disaster That Proved Brand Loyalty Is Not About Taste to case-studies. Weighted score: 9.1/10.0
(core=9.5, scope=9.5, value=9.0, authority=6.5).
Similarity overlap: 0%.
Sources: 8 (4 high, 4 medium, 0 low).
Cross-references: 4 topics.

## [ENT-142] | 2026-07-29 10:31 UTC | Researcher-1 | library | ref: library/ethics-philosophy/ai-ethics.md | see: AI Ethics: The Moral Questions Posed by Machine Intelligence
Wrote topic AI Ethics -- Moral Frameworks Are the Rate-Limiting Step for Machine Intelligence, Not Compute to ethics-philosophy. Weighted score: 8.9/10.0
(core=9.0, scope=9.0, value=9.0, authority=8.0).
Similarity overlap: <20%.
Sources: 7 (5 high, 2 medium, 0 low).
Cross-references: 4 topics.

## [ENT-143] | 2026-07-29 10:45 UTC | Researcher-1 | library | ref: library/education-learning/assessment-and-testing.md | see: Assessment and Testing: Measuring What People Actually Know
Wrote topic Assessment and Testing -- What We Measure Shapes What We Learn, and Most Tests Measure the Wrong Things to education-learning. Weighted score: 8.3/10.0
(core=8.0, scope=9.0, value=8.0, authority=7.5).
Similarity overlap: <15%.
Sources: 8 (6 high, 2 medium, 0 low).
Cross-references: 3 topics.

## [ENT-144] | 2026-07-29 11:03 UTC | Researcher-1 | library | ref: library/science/thermodynamics-laws-energy-entropy.md | see: Thermodynamics: The Laws That Govern Energy, Entropy, and the Arrow of Time
Wrote topic Thermodynamics -- The Four Laws That Set the Ultimate Rules for Everything to science. Weighted score: 8.8/10.0
(core=9.0, scope=9.0, value=8.5, authority=7.5).
Similarity overlap: <10%.
Sources: 5 (4 high, 1 medium, 0 low).
Cross-references: 4 topics.

## [ENT-145] | 2026-07-29 11:15 UTC | Researcher-1 | library | ref: library/geopolitics/cyber-warfare.md | see: Cyber Warfare: The Fifth Domain of Conflict
Wrote topic Cyber Warfare -- Why the Fifth Domain of Conflict Rewrites the Rules of International Security to geopolitics. Weighted score: 8.7/10.0
(core=9.0, scope=9.0, value=8.0, authority=8.0).
Similarity overlap: ~15%.
Sources: 5 (4 high, 1 medium, 0 low).
Cross-references: 3 topics.

## [ENT-146] | 2026-07-29 11:30 UTC | Researcher-1 | library | ref: library/anthropology/kinship-and-social-structures.md | see: Kinship and Social Structures
Wrote topic Kinship and Social Structures -- The Universal Grammar of Human Relatedness to anthropology. Weighted score: 8.8/10.0
(core=9.0, scope=9.5, value=8.0, authority=7.5).
Similarity overlap: <15%.
Sources: 8 (5 high, 3 medium, 0 low).
Cross-references: 4 topics.

## [ENT-147] | 2026-07-29 11:45 UTC | Researcher-1 | library | ref: library/mathematics-statistics/linear-algebra.md | see: Linear Algebra: The Workhorse of Data Science and AI
Wrote topic Linear Algebra -- The Mathematics That Powers Modern Data Science and AI to mathematics-statistics. Weighted score: 9.3/10.0
(core=9.5, scope=9.5, value=9.0, authority=8.0).
Similarity overlap: <5%.
Sources: 7 (5 high, 2 medium, 0 low).
Cross-references: 4 topics.

## [ENT-148] | 2026-07-29 11:54 UTC | Researcher-2 | library | ref: library/candidate-queue.md
Discovery cycle: 6 domains scanned, 9 candidates proposed, 0 skipped (25/25 queue, 0 slots remaining).
Candidates:
- Regulatory Capture Theory: When the Regulated Control the Regulators (8.8): gap=9.0, compounding=8.0, timeliness=8.5, balance=10.0
- Ada Lovelace: The First Programmer and the Poetry of Computation (8.6): gap=9.0, compounding=8.0, timeliness=7.5, balance=10.0
- Winston Churchill: Leadership, Rhetoric, and the Will to Prevail (8.2): gap=8.5, compounding=7.5, timeliness=7.0, balance=10.0
- Global Supply Chain Dynamics: From Just-in-Time to Just-in-Case (8.1): gap=7.5, compounding=7.0, timeliness=9.0, balance=10.0
- Corporate Law and Governance: The Legal Architecture of the Modern Firm (8.0): gap=8.0, compounding=7.5, timeliness=7.0, balance=10.0
- Value Chain Analysis: Mapping How Value Moves from Raw Materials to End Consumers (8.0): gap=8.5, compounding=7.0, timeliness=6.5, balance=10.0
- Circle of Competence: Knowing What You Don't Know Is the Investment Edge (7.9): gap=8.5, compounding=8.0, timeliness=7.0, balance=7.5
- Dividend Policy and Share Buybacks: The Theory and Practice of Returning Capital to Shareholders (7.9): gap=8.5, compounding=7.5, timeliness=7.5, balance=7.5
- Goodwill Impairment Games: The Billion-Dollar Write-Down That Was Years Late (7.7): gap=8.5, compounding=7.0, timeliness=7.0, balance=7.5
Domain balance: industries-sectors (3 topics), law-regulation (3), notable-people (3) to case-studies (6), coding-agentic-ai (6), mathematics-statistics (6).

## [ENT-149] | 2026-07-29 12:09 UTC | Researcher-1 | library | ref: library/law-regulation/regulatory-capture-theory.md | see: Regulatory Capture Theory: When the Regulated Control the Regulators
Wrote topic Regulatory Capture Theory -- Why the Regulated Inevitably Come to Control Their Regulators to law-regulation. Weighted score: 9.3/10.0
(core=9.5, scope=10.0, value=8.5, authority=7.5).
Similarity overlap: <10%.
Sources: 6 (5 high, 1 medium, 0 low).
Cross-references: 3 topics.

## [ENT-150] | 2026-07-29 12:15 UTC | Researcher-1 | library | ref: library/notable-people/ada-lovelace.md | see: candidate-ada-lovelace
Wrote topic Ada Lovelace -- The First Programmer Saw Computing as More Than Calculation to notable-people. Weighted score: 8.6/10.0
(core=9.0, scope=9.0, value=7.5, authority=8.0).
Similarity overlap: 0%.
Sources: 5 (3 high, 1 medium, 1 low).
Cross-references: 4 topics.

## [ENT-151] | 2026-07-29 12:31 UTC | Researcher-1 | library | ref: library/notable-people/winston-churchill.md | see: candidate-winston-churchill
Wrote topic Winston Churchill -- Why Leadership, Rhetoric, and the Will to Prevail Define History's Most Summoned Leader to notable-people. Weighted score: 9.3/10.0
(core=9.5, scope=10.0, value=8.5, authority=7.5).
Similarity overlap: 0%.
Sources: 7 (5 high, 2 medium, 0 low).
Cross-references: 5 topics.

## [ENT-152] | 2026-07-29 12:45 UTC | Researcher-1 | library | ref: library/industries-sectors/global-supply-chain-dynamics.md | see: Global Supply Chain Dynamics: From Just-in-Time to Just-in-Case
Wrote topic Global Supply Chain Dynamics -- The Collapse of Just-in-Time and the Rise of Resilience as a Competitive Imperative to industries-sectors. Weighted score: 8.8/10.0
(core=9.0, scope=9.5, value=8.0, authority=7.5).
Similarity overlap: <20%.
Sources: 7 (3 high, 4 medium, 0 low).
Cross-references: 4 topics.

## [ENT-153] | 2026-07-29 13:04 UTC | Researcher-1 | library | ref: library/law-regulation/corporate-law-governance.md | see: candidate-corporate-law-governance
Wrote topic Corporate Law and Governance -- The Legal Architecture That Separates Ownership From Control and Why It Determines Who Really Runs the Modern Firm to law-regulation. Weighted score: 8.9/10.0
(core=9.0, scope=9.5, value=8.0, authority=8.0).
Similarity overlap: <10%.
Sources: 7 (6 high, 1 medium, 0 low).
Cross-references: 3 topics.

## [ENT-154] | 2026-07-29 13:15 UTC | Researcher-1 | library | ref: library/industries-sectors/value-chain-analysis.md | see: candidate-value-chain-analysis
Wrote topic Value Chain Analysis -- Why Some Links in an Industry Capture Outsize Profits While Others Are Condemned to Commodity Returns to industries-sectors. Weighted score: 8.9/10.0
(core=9.0, scope=9.5, value=8.5, authority=7.5).
Similarity overlap: ~20%.
Sources: 5 (4 high, 1 medium, 0 low).
Cross-references: 4 topics.

## [ENT-155] | 2026-07-29 13:31 UTC | Researcher-1 | library | ref: library/industries-sectors/capital-cycle-analysis.md | see: candidate-capital-cycle-analysis
Wrote topic Capital Cycle Analysis -- Why High Returns Attract the Capital That Destroys Them to industries-sectors. Weighted score: 8.8/10.0
(core=9.0, scope=9.0, value=8.5, authority=7.5).
Similarity overlap: ~10%.
Sources: 6 (1 high, 5 medium, 0 low).
Cross-references: 4 topics.

