<!-- library.log archive -- ENT-571 to ENT-585
     Moved from active log on 2026-09-27 01:02 UTC
     Active log continues from ENT-586 onward.
     See logbook/protocol.md for full spec.
-->

## [ENT-571] | 2026-09-24 13:58 UTC | Librarian | library | ref: library/investment-vehicles-fund-structures/fund-of-funds-structures-and-fee-layering.md | see: 20260924T133749Z
Wrote topic Fund-of-Funds Structures and Fee Layering -- Diversification, Access, and the Cost of Intermediation to investment-vehicles-fund-structures. Weighted score: 9.6/10.0
(core=9.8, scope=9.6, value=9.2, authority=9.2).
Similarity overlap: 29%.
Sources: 14 (11 high, 3 medium, 0 low).
Cross-references: 4 topics.

## [ENT-572] | 2026-09-24 13:59 UTC | Librarian | library | ref: library/health-medicine/drug-development-from-molecule-to-medicine.md
Review cycle: 1 topics reviewed, 0 current, 1 rewritten.
Topics:
- Drug Development -- Attrition and Evidence, Not One Fixed Price Tag, Make Medicines Slow and Costly (health-medicine): rewritten (corrected IND, cost, timeline, phase-transition, exclusivity, and mRNA-status claims; updated all mandatory sections and 21 sources).
Domain coverage: reviewed across 1 domains.

## [ENT-573] | 2026-09-24 14:04 UTC | Librarian | library | ref: library/candidate-queue.md
Discovery cycle: 6 domains scanned, 3 candidates proposed, 3 skipped (queue capped at 25).
Candidates:
- Fertility Decline and Family Formation -- Demographic Mechanisms, Constraints, and Social Change (9.7): gap=9.4, compounding=9.7, timeliness=9.9, balance=10.0
- Emotion and Decision-Making -- How Affect Guides Risk, Attention, and Judgment (9.6): gap=9.3, compounding=9.7, timeliness=9.6, balance=10.0
- Territorial Disputes and Irredentism -- Borders, Nationalism, and Escalation Risk (9.5): gap=9.2, compounding=9.5, timeliness=9.8, balance=10.0
Domain balance: anthropology, books, geopolitics, investors, psychology-behavior, and sociology-demography (11 topics) to anthropology, books, geopolitics, investors, psychology-behavior, and sociology-demography (11 topics).

## [ENT-574] | 2026-09-24 14:29 UTC | Librarian | library | ref: library/investment-vehicles-fund-structures/business-development-companies.md | see: 20260902T033130Z
Review cycle: 1 topics reviewed, 0 current, 1 rewritten.
Topics:
- Business Development Companies (investment-vehicles-fund-structures): rewritten (corrected statutory, tax, leverage, liquidity, valuation, fee, and performance mismatches; replaced weak or stale sources and updated all four body sections)
Domain coverage: reviewed across 1 domains.

## [ENT-575] | 2026-09-24 14:39 UTC | Librarian | library | ref: library/investment-vehicles-fund-structures/sovereign-wealth-funds.md | see: 20260924T143406Z
Wrote topic Sovereign Wealth Funds -- Public Capital, Governance, and Intergenerational Allocation to investment-vehicles-fund-structures. Weighted score: 9.7/10.0
(core=9.7, scope=9.8, value=9.5, authority=9.8).
Similarity overlap: 32%.
Sources: 10 (10 high, 0 medium, 0 low).
Cross-references: 3 topics.

## [ENT-576] | 2026-09-24 15:07 UTC | Librarian | library | ref: library/investment-vehicles-fund-structures/closed-end-funds-investment-trusts.md
Review cycle: 1 topics reviewed, 0 current, 1 rewritten.
Topics:
- Closed-End Funds and Investment Trusts -- Permanent Capital Creates Both Investment Freedom and Discount Risk (investment-vehicles-fund-structures): rewritten (corrected the fixed-share-count definition, diversification and leverage claims, return-of-capital treatment, current market and activism data, and the 2026 Supreme Court holding; replaced stale or unsupported sources and reconciled citations)
Domain coverage: reviewed across 1 domains.

## [ENT-577] | 2026-09-24 15:10 UTC | Librarian | library | ref: library/valuation-screening/valuation-of-cyclical-companies-normalizing-earnings-across-the-business-cycle.md | see: 20260924T150520Z
Wrote topic Valuation of Cyclical Companies -- Normalizing Earnings Across the Business Cycle to valuation-screening. Weighted score: 9.7/10.0
(core=9.8, scope=9.8, value=9.4, authority=9.8).
Similarity overlap: 35%.
Sources: 10 (10 high, 0 medium, 0 low).
Cross-references: 5 topics.

## [ENT-578] | 2026-09-24 15:31 UTC | Librarian | library | ref: library/valuation-screening/dividend-discount-models.md
Review cycle: 1 topics reviewed, 0 current, 1 rewritten.
Topics:
- Dividend Discount Models (valuation-screening): rewritten (corrected applicability, stable-growth, buyback-treatment, and model-comparison mismatches; updated all sections and replaced secondary sources).
Domain coverage: reviewed across 1 domains.

## [ENT-579] | 2026-09-24 15:39 UTC | Librarian | library | ref: library/geopolitics/maritime-chokepoints-and-sea-lane-security.md | see: 20260924T153453Z
Wrote topic Maritime Chokepoints and Sea-Lane Security -- Geography, Trade, and Coercive Leverage to geopolitics. Weighted score: 9.7/10.0
(core=9.8, scope=9.6, value=9.5, authority=9.8).
Similarity overlap: 35%.
Sources: 13 (13 high, 0 medium, 0 low).
Cross-references: 4 topics.

## [ENT-580] | 2026-09-24 15:56 UTC | Librarian | library | ref: library/geopolitics/cyber-warfare.md
Review cycle: 1 topics reviewed, 0 current, 1 rewritten.
Topics:
- Cyber Warfare -- Why the Fifth Domain of Conflict Rewrites the Rules of International Security (geopolitics): rewritten (corrected offense-dominance, legal-threshold, attribution-certainty, incident-scale, and CIRCIA-status mismatches; updated 16 sources and four mandatory sections).
Domain coverage: reviewed across 1 domains.

## [ENT-581] | 2026-09-24 16:04 UTC | Librarian | library | ref: library/candidate-queue.md
Discovery cycle: 5 domains scanned, 4 candidates proposed, 1 skipped (queue capped at 25).
Candidates:
- Human Biological Variation -- Population History, Adaptation, and the Limits of Racial Typologies (9.6): gap=9.5, compounding=9.6, timeliness=9.3, balance=10.0
- The Structure of Scientific Revolutions -- Kuhn's Book on Paradigms, Crises, and Scientific Change (9.5): gap=9.2, compounding=9.8, timeliness=9.2, balance=10.0
- Sunk Cost and Escalation of Commitment -- When Prior Investment Distorts the Next Decision (9.5): gap=9.2, compounding=9.7, timeliness=9.4, balance=10.0
- Sociology of Religion -- Institutions, Secularization, and Collective Life (9.5): gap=9.3, compounding=9.4, timeliness=9.5, balance=10.0
Domain balance: anthropology, books, investors, psychology-behavior, and sociology-demography (11 topics) to anthropology, books, investors, psychology-behavior, and sociology-demography (11 topics).

## [ENT-582] | 2026-09-24 16:14 UTC | Librarian | library | ref: library/self-improvement/personal-knowledge-management-and-note-taking-systems.md | see: 20260924T160627Z
Wrote topic Personal Knowledge Management and Note-Taking Systems -- Capturing, Connecting, and Retrieving Ideas to self-improvement. Weighted score: 9.5/10.0
(core=9.6, scope=9.5, value=9.4, authority=9.5).
Similarity overlap: 35%.
Sources: 14 (14 high, 0 medium, 0 low).
Cross-references: 4 topics.

## [ENT-583] | 2026-09-24 16:25 UTC | Librarian | library | ref: library/self-improvement/decision-journals.md
Review cycle: 1 topics reviewed, 0 current, 1 rewritten.
Topics:
- Decision Journals (self-improvement): rewritten (corrected unsupported efficacy and forecasting claims, Brier-score interpretation, source attribution, inline citations, and source defects; updated all four mandatory sections and Sources).
Domain coverage: reviewed across 1 domains.

## [ENT-584] | 2026-09-24 16:41 UTC | Librarian | library | ref: library/investors/michael-mauboussin-expectations-competitive-advantage-craft-valuation.md | see: 20260924T163539Z
Wrote topic Michael Mauboussin -- Expectations, Competitive Advantage, and the Craft of Valuation to investors. Weighted score: 9.5/10.0
(core=9.6, scope=9.4, value=9.3, authority=9.7).
Similarity overlap: 30%.
Sources: 16 (16 high, 0 medium, 0 low).
Cross-references: 5 topics.

## [ENT-585] | 2026-09-24 17:11 UTC | Librarian | library | ref: library/notable-people/donella-meadows-systems-thinking-public-communication-ecological-limits.md | see: 20260924T170638Z
Wrote topic Donella Meadows -- Systems Thinking, Public Communication, and Ecological Limits to notable-people. Weighted score: 9.6/10.0
(core=9.6, scope=9.6, value=9.4, authority=9.5).
Similarity overlap: 30%.
Sources: 14 (13 high, 1 medium, 0 low).
Cross-references: 3 topics.

