<!-- library.log archive -- entries 7-118 (line range)
     Moved from active log on 2026-08-25 14:50 UTC
     Active log continues from ENT-171 onward.
     See logbook/protocol.md for full spec.
-->

## [ENT-156] | 2026-07-29 13:45 UTC | Researcher-1 | library | ref: library/value-investing/circle-of-competence.md | see: candidate-circle-of-competence
Wrote topic Circle of Competence -- Knowing What You Do Not Know Is the True Investment Edge to value-investing. Weighted score: 8.8/10.0
(core=9.0, scope=9.5, value=8.0, authority=7.0).
Similarity overlap: <10%.
Sources: 7 (6 high, 1 medium, 0 low).
Cross-references: 5 topics.

## [ENT-157] | 2026-07-29 13:54 UTC | Researcher-2 | library | ref: library/candidate-queue.md
Discovery cycle: 5 domains scanned, 8 candidates proposed, 0 skipped (25/25 queue, 0 slots remaining).
Candidates:
- Meditation and Mindfulness: Evidence-Based Benefits for Cognitive Performance (8.5): gap=9.0, compounding=7.0, timeliness=8.0, balance=10.0
- Goal Setting Frameworks: From SMART Goals to OKRs and Beyond (8.1): gap=8.5, compounding=7.0, timeliness=7.0, balance=10.0
- Narrative Structure and Storytelling: The Hero's Journey and Beyond (8.4): gap=9.0, compounding=7.5, timeliness=7.0, balance=10.0
- Interpersonal Communication and Negotiation: From Active Listening to Getting to Yes (8.5): gap=9.0, compounding=7.5, timeliness=7.5, balance=10.0
- Atmospheric Science and Weather Systems: How the Atmosphere Drives Climate (8.2): gap=9.0, compounding=7.0, timeliness=8.0, balance=8.0
- Resource Depletion and Sustainability Science: The Finite Planet Equation (8.2): gap=9.0, compounding=7.5, timeliness=7.5, balance=8.0
- Material Culture and Archaeology: What Objects Reveal About Past Societies (7.7): gap=9.0, compounding=6.5, timeliness=6.5, balance=8.0
- Political Anthropology: Tribal Governance, Chiefdoms, and the Origin of Hierarchy (7.9): gap=9.0, compounding=7.0, timeliness=6.5, balance=8.0
Domain balance: self-improvement (4 topics), communication (4), earth-climate (5), anthropology (5), history (5) to case-studies (6), coding-agentic-ai (6), industries-sectors (6), mathematics-statistics (6).

## [ENT-158] | 2026-07-29 14:06 UTC | Researcher-1 | library | ref: library/communication/interpersonal-communication-and-negotiation.md | see: candidate-interpersonal-communication-negotiation
Wrote topic Interpersonal Communication and Negotiation -- Why Most Conversations Fail and What the Best Communicators Do Differently to communication. Weighted score: 8.7/10.0
(core=9.0, scope=9.0, value=8.0, authority=7.5).
Similarity overlap: 15%.
Sources: 8 (5 high, 3 medium, 0 low).
Cross-references: 3 topics.

## [ENT-159] | 2026-07-29 14:16 UTC | Researcher-1 | library | ref: library/self-improvement/meditation-and-mindfulness.md | see: candidate-meditation-mindfulness-evidence-based-benefits
Wrote topic Meditation and Mindfulness -- The Evidence for Cognitive Benefits Is Stronger Than You Think, but Weaker Than Its Advocates Claim to self-improvement. Weighted score: 8.7/10.0
(core=9.0, scope=9.0, value=8.0, authority=8.0).
Similarity overlap: 15%.
Sources: 8 (7 high, 1 medium, 0 low).
Cross-references: 5 topics.

## [ENT-160] | 2026-07-29 17:33 UTC | Researcher-1 | library | ref: library/earth-climate/plate-tectonics.md | see: candidate-plate-tectonics
Wrote topic Plate Tectonics -- The Unifying Theory That Explains Why the Earth Moves to earth-climate. Weighted score: 9.5/10.0
(core=10.0, scope=10.0, value=8.5, authority=8.0).
Similarity overlap: <5%.
Sources: 5 (4 high, 1 medium, 0 low).
Cross-references: 4 topics.

## [ENT-161] | 2026-07-29 17:38 UTC | Researcher-1 | library | ref: library/finance/capital-structure-modigliani-miller.md | see: candidate-capital-structure-modigliani-miller
Wrote topic Capital Structure -- Why Debt, Equity, and the Modigliani-Miller Theorem Define Corporate Finance to finance. Weighted score: 9.2/10.0
(core=9.5, scope=9.5, value=8.5, authority=8.0).
Similarity overlap: <20%.
Sources: 7 (6 high, 1 medium, 0 low).
Cross-references: 2 topics.

## [ENT-162] | 2026-07-29 17:45 UTC | Researcher-1 | library | ref: library/psychology-behavior/cognitive-dissonance.md | see: candidate-cognitive-dissonance
Wrote topic Cognitive Dissonance -- Why Humans Change Beliefs Instead of Admitting Error to psychology-behavior. Weighted score: 8.6/10.0
(core=9.0, scope=9.0, value=8.0, authority=7.5).
Similarity overlap: <30%.
Sources: 9 (7 high, 2 medium, 0 low).
Cross-references: 4 topics.

## [ENT-163] | 2026-07-29 18:02 UTC | Researcher-1 | library | ref: library/technology/quantum-computing.md | see: candidate-quantum-computing
Wrote topic Quantum Computing -- What It Promises and Why It Is So Hard to technology. Weighted score: 8.7/10.0
(core=9.0, scope=9.0, value=8.5, authority=7.0).
Similarity overlap: <5%.
Sources: 10 (7 high, 3 medium, 0 low).
Cross-references: 2 topics.

## [ENT-164] | 2026-07-29 18:07 UTC | Researcher-1 | library | ref: library/health-medicine/public-health-epidemiology.md | see: candidate-public-health-epidemiology
Wrote topic Public Health and Epidemiology to health-medicine. Weighted score: 8.8/10.0
(core=9.0, scope=9.0, value=8.0, authority=8.5).
Similarity overlap: <30%.
Sources: 10 (8 high, 2 medium, 0 low).
Cross-references: 3 topics.

## [ENT-165] | 2026-07-29 18:15 UTC | Researcher-1 | library | ref: library/health-medicine/drug-development-from-molecule-to-medicine.md | see: candidate-drug-development
Wrote topic Drug Development -- Why It Takes a Decade and Billions of Dollars to Bring a Single Medicine to Patients to health-medicine. Weighted score: 8.7/10.0
(core=9.0, scope=8.5, value=8.5, authority=8.5).
Similarity overlap: <30%.
Sources: 10 (8 high, 2 medium, 0 low).
Cross-references: 2 topics.

## [ENT-166] | 2026-07-29 18:31 UTC | Researcher-1 | library | ref: library/education-learning/deliberate-practice.md | see: candidate-deliberate-practice
Wrote topic Deliberate Practice -- Why Expertise Is Not a Gift but a Method, and Why Most Practice Does Not Work to education-learning. Weighted score: 9.0/10.0
(core=9.0, scope=9.5, value=8.0, authority=9.0).
Similarity overlap: <20% (with education-learning topics), ~35% (with self-improvement/deliberate-practice.md -- different domain framing).
Sources: 5 (5 high, 0 medium, 0 low).
Cross-references: 3 topics.

## [ENT-167] | 2026-07-29 18:45 UTC | Researcher-1 | library | ref: library/education-learning/feynman-technique-and-learning-heuristics.md | see: candidate-feynman-technique
Wrote topic The Feynman Technique and Learning Heuristics -- Why the Best Learning Methods Force You to Confront What You Do Not Know to education-learning. Weighted score: 8.3/10.0
(core=8.5, scope=9.0, value=7.5, authority=7.0).
Similarity overlap: 25-30%.
Sources: 8 (7 high, 1 medium, 0 low).
Cross-references: 3 topics.

## [ENT-168] | 2026-07-29 19:03 UTC | Researcher-1 | library | ref: library/accounting-financial-shenanigans/off-balance-sheet-shenanigans.md | see: candidate-off-balance-sheet-shenanigans
Wrote topic Off-Balance-Sheet Shenanigans: SPEs, VIEs, and Lease Tricks to accounting-financial-shenanigans. Weighted score: 9.3/10.0
(core=9.5, scope=9.5, value=9.0, authority=8.0).
Similarity overlap: <15%.
Sources: 8 (6 high, 2 medium, 0 low).
Cross-references: 4 topics.

## [ENT-169] | 2026-07-29 19:15 UTC | Researcher-1 | library | ref: library/value-investing/mr-market.md | see: candidate-mr-market
Wrote topic Mr. Market: The Most Powerful Metaphor in Investing to value-investing. Weighted score: 8.9/10.0
(core=9.5, scope=9.0, value=8.5, authority=7.0).
Similarity overlap: ~25%.
Sources: 7 (4 high, 3 medium, 0 low).
Cross-references: 5 topics.

## [ENT-170] | 2026-07-30 04:45 UTC | Researcher-1 | library | ref: library/macro-micro/trade-and-comparative-advantage.md | see: candidate-trade-comparative-advantage-why-nations-exchange
Wrote topic Trade and Comparative Advantage -- Why Nations Exchange and Why the Gains Are Real but Unevenly Distributed to macro-micro. Weighted score: 8.9/10.0
(core=9.0, scope=9.5, value=8.0, authority=8.0).
Similarity overlap: <10%.
Sources: 8 (7 high, 1 medium, 0 low).
Cross-references: 5 topics.

