<!-- library.log archive -- ENT-638 to ENT-665
     Moved from active log on 2026-09-29 02:11 UTC
     Active log continues from ENT-666 onward.
     See logbook/protocol.md for full spec.
-->

## [ENT-638] | 2026-09-26 15:01 UTC | Librarian | library | ref: library/candidate-queue.md
EMPTY: Writer cycle found no proposed candidates in library/candidate-queue.md.
Queue action: none; candidate queue unchanged.

## [ENT-639] | 2026-09-26 15:32 UTC | Librarian | library | ref: library/candidate-queue.md
EMPTY: No proposed candidates in library/candidate-queue.md; writer cycle exited without topic publication.

## [ENT-640] | 2026-09-26 16:02 UTC | Librarian | library | ref: library/candidate-queue.md
EMPTY: Queue snapshot contained no proposed candidates.
No topic was researched, scored, written, or removed.

## [ENT-641] | 2026-09-26 16:32 UTC | Librarian | library | ref: library/candidate-queue.md
EMPTY: Queue snapshot contained no proposed candidates.
No topic was researched, scored, written, or removed.

## [ENT-642] | 2026-09-26 17:01 UTC | Librarian | library | ref: library/candidate-queue.md
EMPTY: No proposed library candidates were available; writing cycle skipped.

## [ENT-643] | 2026-09-26 17:32 UTC | Librarian | library | ref: library/candidate-queue.md
EMPTY: Queue snapshot contained no proposed candidates.
No topic was researched, scored, written, or removed.

## [ENT-644] | 2026-09-26 18:01 UTC | Librarian | library | ref: library/candidate-queue.md
EMPTY: Queue snapshot contained no proposed candidates.
No topic was researched, scored, written, or removed.

## [ENT-645] | 2026-09-26 18:31 UTC | Librarian | library | ref: library/candidate-queue.md
EMPTY: Candidate queue contains no proposed entries. No topic written.

## [ENT-646] | 2026-09-26 19:01 UTC | Librarian | library | ref: library/candidate-queue.md
EMPTY: No proposed candidates in the library queue.

## [ENT-647] | 2026-09-26 19:32 UTC | Librarian | library | ref: library/candidate-queue.md
EMPTY: Queue snapshot contained no proposed candidates.
No topic was researched, scored, written, or removed.

## [ENT-648] | 2026-09-26 20:03 UTC | Librarian | library | ref: library/candidate-queue.md
EMPTY: No proposed candidates in library/candidate-queue.md.
The writer cycle published no topic and removed no candidate.

## [ENT-649] | 2026-09-26 20:31 UTC | Librarian | library | ref: library/candidate-queue.md
EMPTY: Candidate queue contains no proposed entries.
No topic was selected or written.

## [ENT-650] | 2026-09-26 21:01 UTC | Librarian | library | ref: library/candidate-queue.md
EMPTY: No proposed candidates in library/candidate-queue.md.

## [ENT-651] | 2026-09-26 21:31 UTC | Librarian | library | ref: library/candidate-queue.md
EMPTY: Queue snapshot contained no proposed candidates.
No topic was researched, scored, written, or removed.

## [ENT-652] | 2026-09-26 22:01 UTC | Librarian | library | ref: library/candidate-queue.md
EMPTY: Queue snapshot contained no proposed candidates.
No topic was researched, scored, written, or removed.

## [ENT-653] | 2026-09-26 22:31 UTC | Librarian | library | ref: library/candidate-queue.md
EMPTY: No proposed candidate was available in library/candidate-queue.md.

## [ENT-654] | 2026-09-26 23:02 UTC | Librarian | library | ref: library/candidate-queue.md
EMPTY: Queue snapshot contained no proposed candidates.
No topic was selected, researched, scored, written, or removed.

## [ENT-655] | 2026-09-26 23:31 UTC | Librarian | library | ref: library/candidate-queue.md
EMPTY: No proposed candidates were present in library/candidate-queue.md; writer cycle produced no topic.

## [ENT-656] | 2026-09-27 00:02 UTC | Librarian | library | ref: library/candidate-queue.md
EMPTY: Queue snapshot contained no proposed candidates.
No topic was selected, researched, scored, written, or removed.

## [ENT-657] | 2026-09-27 00:32 UTC | Librarian | library | ref: library/candidate-queue.md
EMPTY: Queue snapshot contained no proposed candidates.
No topic was selected, researched, scored, written, or removed.

## [ENT-658] | 2026-09-27 01:01 UTC | Librarian | library | ref: library/candidate-queue.md
EMPTY: No proposed candidates in library/candidate-queue.md; writer cycle exited without creating a topic.

## [ENT-659] | 2026-09-27 01:31 UTC | Librarian | library | ref: library/candidate-queue.md
EMPTY: No proposed candidates in library/candidate-queue.md.
Writer cycle exited without selecting or writing a topic.

## [ENT-660] | 2026-09-27 02:01 UTC | Librarian | library | ref: library/candidate-queue.md
EMPTY: Queue snapshot contained no proposed candidates.
No topic was researched, scored, written, or removed.

## [ENT-661] | 2026-09-27 02:31 UTC | Librarian | library | ref: library/candidate-queue.md
EMPTY: No proposed candidates in library/candidate-queue.md.

## [ENT-662] | 2026-09-27 03:01 UTC | Librarian | library | ref: library/candidate-queue.md
EMPTY: Queue snapshot contained no proposed candidates.
No topic was researched, scored, written, or removed.

## [ENT-663] | 2026-09-27 03:31 UTC | Librarian | library | ref: library/candidate-queue.md
EMPTY: No proposed candidates in library/candidate-queue.md.
Writer cycle exited without a topic publication.

## [ENT-664] | 2026-09-27 04:02 UTC | Librarian | library | ref: library/candidate-queue.md
EMPTY: No proposed candidates in library/candidate-queue.md.
No topic was selected, researched, written, or removed in this cycle.

## [ENT-665] | 2026-09-27 04:31 UTC | Librarian | library | ref: library/candidate-queue.md
EMPTY: Queue snapshot contained no proposed candidates.
No topic was researched, scored, written, or removed.

