<!-- library.log archive -- ENT-419 to ENT-434
     Moved from active log on 2026-09-22 15:23 UTC
     Active log continues from ENT-435 onward.
     See logbook/protocol.md for full spec.
-->

## [ENT-419] | 2026-09-20 16:21 UTC | Librarian | library | ref: library/value-investing/berkshire-annual-reports-2006-2015.md
Review cycle: 1 topics reviewed, 0 current, 1 rewritten.
Topics:
- Berkshire Hathaway Annual Reports 2006-2015 (value-investing): rewritten (corrected the float period, negotiated-security terms and outcomes, BNSF consideration and capital figures, Kraft Heinz dilution accounting, IBM timeline and unsupported return estimate, and repurchase history; updated all content sections and replaced the source list with 21 verified high-authority sources).
Domain coverage: reviewed across 1 domains.

## [ENT-420] | 2026-09-20 16:37 UTC | Librarian | library | ref: library/ethics-philosophy/philosophy-of-science.md | see: 20260920T163242Z
Wrote topic Philosophy of Science -- What Distinguishes Science From Non-Science and How Theories Are Justified to ethics-philosophy. Weighted score: 9.7/10.0
(core=10.0, scope=9.7, value=9.2, authority=9.8).
Similarity overlap: 45%.
Sources: 10 (10 high, 0 medium, 0 low).
Cross-references: 4 topics.

## [ENT-421] | 2026-09-20 17:04 UTC | Librarian | library | ref: library/case-studies/berkshire-bnsf-acquisition.md
ERROR: Berkshire Hathaway's Acquisition of BNSF: A Capital Allocation Case Study - publication validation requires the current topic schema (name matching the path slug and tier library-topic), while reviewer step 7 requires the original name and tier to remain unchanged; the topic was not stamped or published.
Review cycle: 0 topics reviewed, 0 current, 0 rewritten.
Topics:
- Berkshire Hathaway's Acquisition of BNSF: A Capital Allocation Case Study (case-studies): ERROR, required schema migration conflicts with the review preservation gate.
Domain coverage: reviewed across 0 domains.

## [ENT-422] | 2026-09-20 17:11 UTC | Librarian | library | ref: library/portfolio-risk-management/hedge-fund-risk-management.md | see: 20260920T170500Z
Wrote topic Hedge Fund Risk Management -- Leverage, Liquidity, and Failure Modes in Alternative Investment Vehicles to portfolio-risk-management. Weighted score: 9.5/10.0
(core=9.8, scope=9.2, value=9.4, authority=9.8).
Similarity overlap: 60%.
Sources: 14 (14 high, 0 medium, 0 low).
Cross-references: 6 topics.

## [ENT-423] | 2026-09-20 17:42 UTC | Librarian | library | ref: library/ethics-philosophy/logic-and-critical-thinking.md | see: 20260920T173435Z
Wrote topic Logic and Critical Thinking -- The Formal and Informal Tools for Evaluating Arguments to ethics-philosophy. Weighted score: 9.7/10.0
(core=9.8, scope=9.8, value=9.5, authority=9.8).
Similarity overlap: 35%.
Sources: 14 (14 high, 0 medium, 0 low).
Cross-references: 6 topics.

## [ENT-424] | 2026-09-20 18:02 UTC | Librarian | library | ref: library/case-studies/berkshire-bnsf-acquisition.md
Review cycle: 1 topics reviewed, 0 current, 1 rewritten.
Topics:
- Berkshire Hathaway's BNSF Acquisition: An All-In Bet on Regulated, Capital-Intensive Infrastructure (case-studies): rewritten (corrected transaction structure, financing, dilution, competition, network, performance, dividend, and coal claims, updated all mandatory sections and 14 sources).
Domain coverage: reviewed across 1 domains.

## [ENT-425] | 2026-09-20 18:06 UTC | Librarian | library | ref: library/candidate-queue.md
Discovery cycle: 5 domains scanned, 3 candidates proposed, 2 skipped (queue capped at 25).
Candidates:
- Insurance Underwriting Economics -- Float, Reserves, Cycles, and the Discipline of Pricing Risk (9.16): gap=9.0, compounding=9.2, timeliness=8.8, balance=10.0
- Airline Industry Economics -- Fixed Costs, Networks, and Cycles in a Structurally Difficult Business (9.11): gap=9.0, compounding=9.0, timeliness=8.8, balance=10.0
- The Great Depression -- Financial Collapse, Policy Failure, and Institutional Change (9.00): gap=9.0, compounding=9.2, timeliness=8.0, balance=10.0
Domain balance: accounting-financial-shenanigans, anthropology, finance, history, industries-sectors (9 topics each) to accounting-financial-shenanigans, anthropology, finance, history, industries-sectors (9 topics each).

## [ENT-426] | 2026-09-20 18:11 UTC | Librarian | library | ref: library/portfolio-risk-management/volatility-targeting.md | see: 20260920T180524Z
Wrote topic Volatility Targeting -- Adjusting Portfolio Exposure to Maintain Constant Risk Levels to portfolio-risk-management. Weighted score: 9.7/10.0
(core=9.8, scope=9.8, value=9.4, authority=9.8).
Similarity overlap: 32%.
Sources: 13 (13 high, 0 medium, 0 low).
Cross-references: 6 topics.

## [ENT-427] | 2026-09-20 18:26 UTC | Librarian | library | ref: library/coding-agentic-ai/agent-evaluation-and-benchmarking.md
Review cycle: 1 topics reviewed, 0 current, 1 rewritten.
Topics:
- Agent Evaluation and Benchmarking (coding-agentic-ai): rewritten (corrected pass@k reliability interpretation and unsupported volatile benchmark and cost claims, updated benchmark-validity evidence, production-evaluation framework, mandatory sections, and sources)
Domain coverage: reviewed across 1 domains.

## [ENT-428] | 2026-09-20 18:42 UTC | Librarian | library | ref: library/earth-climate/natural-disaster-mechanisms.md | see: 20260920T183439Z
Wrote topic Natural Disaster Mechanisms -- The Physical Forces Behind Earthquakes, Volcanoes, Storms, and Wildfires to earth-climate. Weighted score: 9.6/10.0
(core=9.8, scope=9.6, value=9.3, authority=9.7).
Similarity overlap: 45%.
Sources: 20 (20 high, 0 medium, 0 low).
Cross-references: 4 topics.

## [ENT-429] | 2026-09-20 19:03 UTC | Librarian | library | ref: library/political-science-public-policy/bureaucracy-public-administration.md
Review cycle: 1 topics reviewed, 0 current, 1 rewritten.
Topics:
- Bureaucracy and Public Administration -- The Executive Machinery That Turns Law Into Outcomes (political-science-public-policy): rewritten (corrected historical, theoretical, evidence-interpretation, and bibliographic mismatches; updated Background, Core Concepts, Evidence, Implications, and Sources)
Domain coverage: reviewed across 1 domains.

## [ENT-430] | 2026-09-20 19:16 UTC | Librarian | library | ref: library/mathematics-statistics/monte-carlo-methods.md | see: 20260920T191029Z
Wrote topic Monte Carlo Methods -- Simulation Algorithms for Problems Without Analytical Solutions to mathematics-statistics. Weighted score: 9.7/10.0
(core=9.8, scope=9.8, value=9.4, authority=9.7).
Similarity overlap: 30%.
Sources: 14 (13 high, 1 medium, 0 low).
Cross-references: 5 topics.

## [ENT-431] | 2026-09-20 19:40 UTC | Librarian | library | ref: library/accounting-financial-shenanigans/forensic-accounting-methodology.md | see: 20260920T193417Z
Wrote topic Forensic Accounting Methodology -- The Systematic Framework for Detecting Financial Statement Manipulation to accounting-financial-shenanigans. Weighted score: 9.8/10.0
(core=10.0, scope=10.0, value=9.5, authority=9.4).
Similarity overlap: 45%.
Sources: 17 (16 high, 1 medium, 0 low).
Cross-references: 8 topics.

## [ENT-432] | 2026-09-20 20:05 UTC | Librarian | library | ref: library/candidate-queue.md
Discovery cycle: 5 domains scanned, 4 candidates proposed, 1 skipped (queue capped at 25).
Candidates:
- Pharmaceutical Industry Economics -- Patents, R&D, Regulation, and Profit Pools (9.23): gap=9.0, compounding=9.3, timeliness=9.0, balance=10.0
- Asset Management Economics -- Incentives, Scale, and Financial Intermediation (9.05): gap=9.0, compounding=9.0, timeliness=8.5, balance=10.0
- Linguistic Anthropology -- Language, Power, and Cultural Worlds (8.98): gap=9.0, compounding=8.7, timeliness=8.5, balance=10.0
- The First World War -- Collapse of Empires and the Interwar Order (8.96): gap=9.0, compounding=8.8, timeliness=8.3, balance=10.0
- Tort Law -- Liability, Compensation, and Deterrence (8.94): gap=9.0, compounding=8.7, timeliness=8.3, balance=10.0 (skipped: queue capacity)
Domain balance: anthropology, finance, history, industries-sectors, and law-regulation (9 topics each).

## [ENT-433] | 2026-09-20 20:12 UTC | Librarian | library | ref: library/candidate-queue.md
ERROR: step 12 cleanup failed. The cron security policy blocked removal of the cycle directory after successful discovery publication. Published candidate queue changes and ENT-432 were verified on origin/main before the cleanup failure.

## [ENT-434] | 2026-09-20 20:16 UTC | Librarian | library | ref: library/accounting-financial-shenanigans/cookie-jar-reserves-and-expense-manipulation.md | see: 20260920T200859Z
Wrote topic Cookie-Jar Reserves and Expense Manipulation -- How Companies Smooth Earnings Through Reserve and Capitalization Games to accounting-financial-shenanigans. Weighted score: 9.7/10.0
(core=9.8, scope=9.9, value=9.4, authority=9.7).
Similarity overlap: 40%.
Sources: 14 (14 high, 0 medium, 0 low).
Cross-references: 5 topics.

