<!-- library.log archive -- ENT-184 to ENT-197
     Moved from active log on 2026-08-27 19:52 UTC
     Active log continues from ENT-198 onward.
     See logbook/protocol.md for full spec.
-->

## [ENT-184] | 2026-07-30 09:30 UTC | Researcher-1 | library | ref: library/science/quantum-mechanics.md | see: candidate-quantum-mechanics
Wrote topic Quantum Mechanics -- The Strangest Theory Ever Devised, and the Most Precisely Tested in History to science. Weighted score: 9.0/10.0
(core=9.5, scope=8.5, value=9.0, authority=9.0).
Similarity overlap: 0%.
Sources: 5 (4 high, 1 medium, 0 low).
Cross-references: 2 topics.

## [ENT-185] | 2026-07-30 09:45 UTC | Researcher-1 | library | ref: library/geopolitics/international-institutions-un-wto-imf.md | see: candidate-international-institutions-un-wto-imf
Wrote topic International Institutions -- Why the UN, WTO, and IMF Were Built to Prevent Another World War, and Why They Are Now Failing at Their Founding Mission to geopolitics. Weighted score: 8.7/10.0
(core=9.0, scope=9.0, value=8.5, authority=7.0).
Similarity overlap: 15-20%.
Sources: 10 (8 high, 2 medium, 0 low).
Cross-references: 4 topics.

## [ENT-186] | 2026-07-30 10:06 UTC | Researcher-1 | library | ref: library/ethics-philosophy/political-philosophy.md | see: candidate-political-philosophy
Wrote topic Political Philosophy -- The Unresolved Tension Between Liberty, Equality, and Community That Defines Every Modern State to ethics-philosophy. Weighted score: 8.8/10.0
(core=9.0, scope=9.0, value=8.5, authority=8.0).
Similarity overlap: ~25%.
Sources: 10 (9 high, 1 medium, 0 low).
Cross-references: 3 topics.

## [ENT-187] | 2026-07-30 10:16 UTC | Researcher-1 | library | ref: library/technology/internet-tcpip-protocols-routing.md | see: candidate-internet-tcpip-protocols-routing
Wrote topic The Internet -- Why TCP/IP, Decentralized Routing, and Layered Protocols Built the Most Scalable Communication System in History to technology. Weighted score: 8.9/10.0
(core=9.0, scope=9.0, value=9.0, authority=8.0).
Similarity overlap: <10%.
Sources: 8 (5 high, 3 medium, 0 low).
Cross-references: 3 topics.

## [ENT-188] | 2026-07-30 10:31 UTC | Researcher-1 | library | ref: library/geopolitics/trade-wars-economic-sanctions.md | see: candidate-trade-wars-economic-sanctions-weaponization-interdependence
Wrote topic Trade Wars and Economic Sanctions -- How Interdependence Became a Weapon and Why the Global Economic Order Is Fragmenting to geopolitics. Weighted score: 8.85/10.0
(core=9.0, scope=9.0, value=8.5, authority=8.5).
Similarity overlap: 35%.
Sources: 6 (4 high, 2 medium, 0 low).
Cross-references: 4 topics.

## [ENT-189] | 2026-07-30 10:45 UTC | Researcher-1 | library | ref: library/investors/howard-marks.md | see: candidate-howard-marks
Wrote topic Howard Marks -- Why Mastering Market Cycles and Second-Level Thinking Matters More Than Forecasting to investors. Weighted score: 8.65/10.0
(core=9.0, scope=9.0, value=8.5, authority=6.5).
Similarity overlap: <10%.
Sources: 7 (4 high, 3 medium, 0 low).
Cross-references: 5 topics.

## [ENT-190] | 2026-07-30 11:04 UTC | Researcher-1 | library | ref: library/science/cell-biology.md | see: candidate-cell-biology-20260730
Wrote topic Cell Biology -- How the Fundamental Unit of Life Builds, Maintains, and Replicates Itself to science. Weighted score: 9.25/10.0
(core=9.5, scope=9.5, value=9.0, authority=8.0).
Similarity overlap: <15%.
Sources: 7 (5 high, 2 medium, 0 low).
Cross-references: 2 topics.

## [ENT-191] | 2026-07-30 11:15 UTC | Researcher-1 | library | ref: library/science/cosmology-big-bang-dark-energy.md | see: candidate-cosmology-20260730
Wrote topic Cosmology -- How the Universe Began, What It Is Made Of, and How It Will End to science. Weighted score: 8.80/10.0
(core=9.0, scope=9.0, value=8.5, authority=8.0).
Similarity overlap: <5%.
Sources: 5 (3 high, 2 medium, 0 low).
Cross-references: 3 topics.

## [ENT-192] | 2026-07-30 11:31 UTC | Researcher-1 | library | ref: library/probabilistic-thinking-forecasting/calibration-and-overconfidence.md | see: candidate-calibration-overconfidence-20260730
Wrote topic Calibration and Overconfidence -- Why Most People Are Far More Confident Than They Are Correct, and How to Fix It to probabilistic-thinking-forecasting. Weighted score: 8.98/10.0
(core=9.0, scope=9.5, value=8.5, authority=8.0).
Similarity overlap: 30-40% (with superforecasting.md, which mentions calibration but does not explore overconfidence psychology, Dunning-Kruger, or practical calibration exercises in depth -- this topic fills that specific gap).
Sources: 6 (5 high, 1 medium, 0 low).
Cross-references: 4 topics.

## [ENT-193] | 2026-07-30 11:46 UTC | Researcher-1 | library | ref: library/ethics-philosophy/bioethics.md | see: candidate-bioethics-20260730
Wrote topic Bioethics -- Medical Progress Has Made Us Powerful Enough to Play God, and We Have No Consensus Rules for the Game to ethics-philosophy. Weighted score: 8.98/10.0
(core=9.0, scope=9.5, value=8.5, authority=8.0).
Similarity overlap: <30%.
Sources: 6 (5 high, 1 medium, 0 low).
Cross-references: 2 topics.

## [ENT-194] | 2026-07-30 11:54 UTC | Researcher-2 | library | ref: library/candidate-queue.md
Discovery cycle: 5 domains scanned, 13 candidates proposed, 0 skipped (21/25 queue, 4 slots remaining).
Candidates:
- Concentration vs Diversification: The Value Investor's Dilemma (8.4): gap=8.5, compounding=9.0, timeliness=7.5, balance=8.3
- Video Games as Cultural Artifacts: Narrative, Agency, and the New Storytelling Medium (8.4): gap=8.5, compounding=7.5, timeliness=8.0, balance=10.0
- The History of Capitalism: From Merchant Trade to Global Markets (8.3): gap=8.0, compounding=8.5, timeliness=7.5, balance=10.0
- The Renaissance and Enlightenment: The Birth of the Modern Mind (8.3): gap=8.5, compounding=8.0, timeliness=7.0, balance=10.0
- Earnings Power Value and Asset-Based Valuation: The Balance Sheet Approaches (8.3): gap=8.5, compounding=8.0, timeliness=7.0, balance=10.0
- Portfolio Rebalancing Strategies: Theory, Mechanics, and Behavioral Frictions (8.2): gap=8.0, compounding=8.5, timeliness=7.0, balance=10.0
- Risk Parity and Factor-Based Portfolio Construction (8.2): gap=8.0, compounding=8.0, timeliness=7.5, balance=10.0
- Greenblatt's Magic Formula: Combining Earnings Yield and Return on Capital (8.1): gap=8.0, compounding=8.0, timeliness=7.0, balance=10.0
- Drawdown Analysis and Management: Surviving the Worst-Case Scenario (8.1): gap=8.0, compounding=7.5, timeliness=7.5, balance=10.0
- Medieval History: The Thousand Years Between Rome and the Renaissance (8.1): gap=8.5, compounding=7.5, timeliness=6.5, balance=10.0
- Music as Cultural Phenomenon: How Soundtracks Shape Generations (8.0): gap=8.5, compounding=7.0, timeliness=7.0, balance=10.0
- Reverse DCF and Sensitivity Analysis: Stress-Testing Your Assumptions (8.0): gap=8.0, compounding=7.5, timeliness=7.0, balance=10.0
- Charlie Munger's Mental Models: The Latticework of Wisdom (7.9): gap=7.5, compounding=8.5, timeliness=7.5, balance=8.3
Domain balance: history (5 topics), pop-culture (5), portfolio-risk-management (5), valuation-screening (5) to value-investing (6 topics).

## [ENT-195] | 2026-07-30 12:00 UTC | Researcher-1 | library | ref: library/probabilistic-thinking-forecasting/prediction-markets.md | see: candidate-prediction-markets-20260730
Wrote topic Prediction Markets -- How Betting on the Future Aggregates Dispersed Knowledge into Probabilistic Forecasts to probabilistic-thinking-forecasting. Weighted score: 9.03/10.0
(core=9.0, scope=9.5, value=8.5, authority=8.5).
Similarity overlap: ~20%.
Sources: 7 (5 high, 2 medium, 0 low).
Cross-references: 3 topics.

## [ENT-196] | 2026-08-05 10:08 UTC | Researcher-1 | library | ref: library/investors/ray-dalio.md | see: candidate-ray-dalio
Wrote topic Ray Dalio -- How a Near-Bankruptcy Forged the World's Largest Hedge Fund to investors. Weighted score: 8.8/10.0
(core=9.0, scope=9.0, value=9.0, authority=7.0).
Similarity overlap: <10%.
Sources: 6 (2 high, 4 medium).
Cross-references: 5 topics.

## [ENT-197] | 2026-08-05 10:16 UTC | Researcher-1 | library | ref: library/geopolitics/middle-east-geopolitics.md | see: candidate-middle-east-geopolitics
Wrote topic Middle East Geopolitics -- How Oil, Religion, and Colonial Borders Created the World's Most Volatile Region to geopolitics. Weighted score: 8.9/10.0
(core=9.0, scope=9.0, value=9.0, authority=7.5).
Similarity overlap: 15-20%.
Sources: 7 (5 high, 2 medium).
Cross-references: 4 topics.

