<!-- library.log archive -- ENT-320 to ENT-333
     Moved from active log on 2026-09-08 09:42 UTC
     Active log continues from ENT-334 onward.
     See logbook/protocol.md for full spec.
-->

## [ENT-320] | 2026-09-01 16:04 UTC | Library Runner | library | ref: library/value-investing/dhandho-framework.md | see: candidate-queue
Wrote topic The Dhandho Framework: Low-Risk, High-Uncertainty Bets and Asymmetric Payoffs to value-investing. Weighted score: 9.30/10.0
(core=9.5, scope=9.5, value=9.0, authority=8.5).
Similarity overlap: 25%.
Sources: 9 (4 high, 5 medium, 0 low).
Cross-references: 5 topics.

## [ENT-321] | 2026-09-01 16:16 UTC | Library Runner | library | ref: library/value-investing/scale-economies-shared.md | see: candidate-queue
Wrote topic Scale Economies Shared: Why Passing Efficiency Gains to Customers Can Deepen a Moat to value-investing. Weighted score: 9.35/10.0
(core=9.5, scope=9.5, value=9.5, authority=8.0).
Similarity overlap: 25%.
Sources: 11 (1 high, 10 medium, 0 low).
Cross-references: 3 topics.

## [ENT-322] | 2026-09-01 16:31 UTC | Library Runner | library | ref: library/value-investing/berkshire-annual-reports-2006-2015.md | see: candidate-queue
Wrote topic Berkshire Hathaway Annual Reports 2006-2015: Financial Crisis Deployment, BNSF, and the Fifty-Year Scorecard to value-investing. Weighted score: 9.45/10.0
(core=9.5, scope=9.5, value=9.5, authority=9.0).
Similarity overlap: 25%.
Sources: 13 (8 high, 5 medium, 0 low).
Cross-references: 7 topics.

## [ENT-323] | 2026-09-01 16:51 UTC | Library Runner | library | ref: library/value-investing/berkshire-annual-reports-1996-2005.md | see: candidate-queue
Wrote topic Berkshire Hathaway Annual Reports 1996-2005: Scale, General Re, and the Limits of Acquisition Judgment to value-investing. Weighted score: 9.40/10.0
(core=9.5, scope=9.5, value=9.5, authority=8.5).
Similarity overlap: 25%.
Sources: 12 (6 high, 6 medium, 0 low).
Cross-references: 8 topics.

## [ENT-324] | 2026-09-01 17:04 UTC | Library Runner | library | ref: library/value-investing/berkshire-annual-reports-1986-1995.md | see: candidate-queue
Wrote topic Berkshire Hathaway Annual Reports 1986-1995: From Cigar Butts to Global Franchise Ownership to value-investing. Weighted score: 9.51/10.0
(core=9.5, scope=9.5, value=9.8, authority=9.0).
Similarity overlap: 25%.
Sources: 10 (7 high, 3 medium, 0 low).
Cross-references: 9 topics.

## [ENT-325] | 2026-09-01 17:19 UTC | Library Runner | library | ref: library/value-investing/berkshire-annual-reports-1976-1985.md | see: candidate-queue
Wrote topic Berkshire Hathaway Annual Reports 1976-1985: Insurance Float, Inflation, and the End of the Textile Era to value-investing. Weighted score: 9.28/10.0
(core=9.5, scope=9.0, value=9.5, authority=9.0).
Similarity overlap: 30%.
Sources: 12 (8 high, 4 medium, 0 low).
Cross-references: 9 topics.

## [ENT-326] | 2026-09-01 17:32 UTC | Library Runner | library | ref: library/value-investing/berkshire-annual-reports-1965-1975.md | see: candidate-queue
Wrote topic Berkshire Hathaway Annual Reports 1965-1975: From Textile Control to a Compounding Holding Company to value-investing. Weighted score: 9.45/10.0
(core=9.5, scope=9.5, value=9.5, authority=9.0).
Similarity overlap: 20%.
Sources: 12 (6 high, 6 medium, 0 low).
Cross-references: 10 topics.

## [ENT-327] | 2026-09-01 17:48 UTC | Library Runner | library | ref: library/candidate-queue.md
Discovery cycle: 5 domains scanned, 10 candidates proposed, 0 skipped.
Candidates:
- Welfare State Design and Social Policy (9.2): gap=9.0, compounding=9.0, timeliness=9.0, balance=10.0
- Social Movements and Collective Action (9.0): gap=9.0, compounding=8.5, timeliness=9.0, balance=10.0
- Customer Acquisition and Retention (8.9): gap=9.0, compounding=8.5, timeliness=8.5, balance=10.0
- Legislatures and Executive-Legislative Relations (8.8): gap=9.0, compounding=8.5, timeliness=8.0, balance=10.0
- Mergers and Acquisitions as Strategy (8.8): gap=8.5, compounding=9.0, timeliness=8.0, balance=10.0
- Buildings and Urban Infrastructure (8.6): gap=9.0, compounding=8.0, timeliness=7.5, balance=10.0
- Sociology of the Family and Gender (8.4): gap=8.5, compounding=8.0, timeliness=7.5, balance=10.0
- Construction Methods and Project Management (8.2): gap=8.5, compounding=7.5, timeliness=7.0, balance=10.0
- Real Estate Investment Trusts (REITs) as Investment Vehicles (8.0): gap=8.5, compounding=8.0, timeliness=8.0, balance=6.7
- Business Development Companies (BDCs) (8.0): gap=9.0, compounding=7.5, timeliness=7.5, balance=6.7
Domain balance: business-management-strategy, engineering-infrastructure, political-science-public-policy, sociology-demography (4 topics) to investment-vehicles-fund-structures (6 topics).

## [ENT-328] | 2026-09-01 18:03 UTC | Library Runner | library | ref: library/case-studies/berkshire-coca-cola-investment.md | see: candidate-queue
Wrote topic Berkshire Hathaway's Coca-Cola Investment: Brand Moat, Global Runway, and the Rewards of Inaction to case-studies. Weighted score: 9.28/10.0
(core=9.5, scope=9.0, value=9.5, authority=9.0).
Similarity overlap: 15%.
Sources: 12 (7 high, 5 medium, 0 low).
Cross-references: 7 topics.

## [ENT-329] | 2026-09-01 18:17 UTC | Library Runner | library | ref: library/case-studies/berkshire-american-express-investment.md | see: candidate-queue
Wrote topic Berkshire Hathaway's American Express Investment: Trust, Network Effects, and a Two-Stage Circle of Competence to case-studies. Weighted score: 9.34/10.0
(core=9.5, scope=9.0, value=9.8, authority=9.0).
Similarity overlap: 15%.
Sources: 13 (5 high, 8 medium, 0 low).
Cross-references: 8 topics.

## [ENT-330] | 2026-09-01 18:34 UTC | Library Runner | library | ref: library/case-studies/berkshire-washington-post-investment.md | see: candidate-queue
Wrote topic Berkshire Hathaway's Washington Post Investment: Market Mispricing, Governance, and a Shrinking Media Moat to case-studies. Weighted score: 9.35/10.0
(core=9.5, scope=9.5, value=9.0, authority=9.0).
Similarity overlap: 15%.
Sources: 16 (2 high, 14 medium, 0 low).
Cross-references: 7 topics.

## [ENT-331] | 2026-09-01 18:45 UTC | Library Runner | library | ref: library/case-studies/berkshire-bnsf-acquisition.md | see: candidate-queue
Wrote topic Berkshire Hathaway's BNSF Acquisition: An All-In Bet on Regulated, Capital-Intensive Infrastructure to case-studies. Weighted score: 9.45/10.0
(core=9.5, scope=9.5, value=9.5, authority=9.0).
Similarity overlap: 15%.
Sources: 12 (3 high, 9 medium, 0 low).
Cross-references: 5 topics.

## [ENT-332] | 2026-09-01 19:01 UTC | Library Runner | library | ref: library/case-studies/berkshire-general-re-acquisition.md | see: candidate-queue
Wrote topic Berkshire Hathaway's General Re Acquisition: Why a Sound Strategic Category Produced a Costly Mistake and What It Reveals About Diligence, Incentives, and Tail Risk to case-studies. Weighted score: 9.28/10.0
(core=9.5, scope=9.0, value=9.5, authority=9.0).
Similarity overlap: 15%.
Sources: 16 (5 high, 11 medium, 0 low).
Cross-references: 5 topics.

## [ENT-333] | 2026-09-01 19:16 UTC | Library Runner | library | ref: library/sociology-demography/population-aging-social-consequences.md | see: candidate-queue
Wrote topic Population Aging and Its Social Consequences to sociology-demography. Weighted score: 9.35/10.0
(core=9.5, scope=9.5, value=9.0, authority=9.0).
Similarity overlap: 45%.
Sources: 16 (14 high, 2 medium, 0 low).
Cross-references: 4 topics.

