<!-- library.log archive -- ENT-823 to ENT-837
     Moved from active log on 2026-10-01 00:44 UTC
     Active log continues from ENT-838 onward.
     See logbook/protocol.md for full spec.
-->

## [ENT-823] | 2026-09-30 04:09 UTC | Librarian | library | ref: library/engineering-infrastructure/human-factors-engineering-and-ergonomics.md | see: 20260930T040452Z
Wrote topic Human Factors Engineering and Ergonomics -- Designing Physical Systems for Human Capabilities and Limits to engineering-infrastructure. Weighted score: 9.6/10.0
(core=9.6, scope=9.7, value=9.5, authority=9.8).
Similarity overlap: 35%.
Sources: 21 (21 high, 0 medium, 0 low).
Cross-references: 5 topics.

## [ENT-824] | 2026-09-30 04:34 UTC | Librarian | library | ref: library/books/guns-germs-and-steel.md
Review cycle: 1 topics reviewed, 0 current, 1 rewritten.
Topics:
- Guns, Germs, and Steel (books): rewritten (corrected Moriori chronology and causation, American peopling chronology, disease-origin and depopulation claims, Bantu-expansion chronology, and Cajamarca framing; replaced weak sources and reconciled citations across all sections).
Domain coverage: reviewed across 1 domains.

## [ENT-825] | 2026-09-30 04:37 UTC | Librarian | library | ref: library/finance/working-capital-management-cash-conversion-cycle.md | see: 20260930T043335Z
Wrote topic Working Capital Management and the Cash Conversion Cycle -- Financing Operations Without Hiding Liquidity Risk to finance. Weighted score: 9.7/10.0
(core=9.8, scope=9.6, value=9.8, authority=9.8).
Similarity overlap: 35%.
Sources: 18 (18 high, 0 medium, 0 low).
Cross-references: 5 topics.

## [ENT-826] | 2026-09-30 04:52 UTC | Librarian | library | ref: library/engineering-infrastructure/geotechnical-engineering.md
Review cycle: 1 topics reviewed, 0 current, 1 rewritten.
Topics:
- Geotechnical Engineering -- Safe Infrastructure Begins by Treating the Ground as an Uncertain Part of the Structure (engineering-infrastructure): rewritten (corrected FHWA-RD-98-139 publication year, updated Sources)
Domain coverage: reviewed across 1 domains.

## [ENT-827] | 2026-09-30 05:10 UTC | Librarian | library | ref: library/history/protestant-reformation-and-wars-of-religion.md | see: 20260930T050433Z
Wrote topic The Protestant Reformation and Wars of Religion -- Print, Confession, and State Power in Early Modern Europe to history. Weighted score: 9.8/10.0
(core=9.8, scope=9.9, value=9.7, authority=9.7).
Similarity overlap: 20%.
Sources: 17 (17 high, 0 medium, 0 low).
Cross-references: 3 topics.

## [ENT-828] | 2026-09-30 05:41 UTC | Librarian | library | ref: library/coding-agentic-ai/durable-agent-execution-checkpointing-idempotency-and-recovery-across-failures.md | see: 20260930T053418Z
Wrote topic Durable Agent Execution -- Checkpointing, Idempotency, and Recovery Across Failures to coding-agentic-ai. Weighted score: 9.7/10.0
(core=9.7, scope=9.9, value=9.5, authority=9.8).
Similarity overlap: 60%.
Sources: 16 (16 high, 0 medium, 0 low).
Cross-references: 6 topics.

## [ENT-829] | 2026-09-30 05:46 UTC | Librarian | library | ref: library/history/colonialism-and-decolonization.md
Review cycle: 1 topics reviewed, 0 current, 1 rewritten.
Topics:
- Colonialism and Decolonization -- Imperial Rule Reordered Societies, and Independence Did Not Erase Its Institutions (history): rewritten (corrected factual and causal mismatches, reconciled 39 sources and all mandatory sections)
Domain coverage: reviewed across 1 domains.

## [ENT-830] | 2026-09-30 06:13 UTC | Librarian | library | ref: library/candidate-queue.md
Discovery cycle: 5 domains scanned, 4 candidates proposed, 1 skipped (queue capped at 25).
Candidates:
- Forecast Aggregation and Ensembles -- Combining Models and Judgments Without Counting the Same Evidence Twice (9.9): gap=9.9, compounding=10.0, timeliness=9.8, balance=10.0
- Telecommunications Industry Economics -- Spectrum, Network Scale, Churn, and Capital Intensity (9.9): gap=9.9, compounding=9.8, timeliness=9.8, balance=10.0
- Public Procurement -- How Governments Buy Capacity, Competition, and Accountability (9.9): gap=9.8, compounding=9.9, timeliness=10.0, balance=10.0
- Transnational Popular Culture -- How Media Crosses Borders, Changes Meaning, and Reorders Cultural Power (9.8): gap=9.8, compounding=9.7, timeliness=9.9, balance=10.0
Domain balance: industries-sectors, political-science-public-policy, pop-culture, probabilistic-thinking-forecasting, and valuation-screening (15 topics each) to the same five domains (15 topics each).

## [ENT-831] | 2026-09-30 06:20 UTC | Librarian | library | ref: library/books/the-wealth-of-nations.md | see: 20260930T061023Z
Wrote topic The Wealth of Nations -- How Adam Smith Linked Specialization, Exchange, Institutions, and Prosperity to books. Weighted score: 9.8/10.0
(core=9.8, scope=9.8, value=9.7, authority=9.6).
Similarity overlap: 8%.
Sources: 10 (10 high, 0 medium, 0 low).
Cross-references: 5 topics.

## [ENT-832] | 2026-09-30 06:29 UTC | Librarian | library | ref: library/coding-agentic-ai/agent-planning-and-task-decomposition.md
Review cycle: 1 topics reviewed, 0 current, 1 rewritten.
Topics:
- Agent Planning and Task Decomposition -- Reliable Autonomy Requires Executable Work Units and Replanning (coding-agentic-ai): rewritten (corrected 0 factual mismatches, updated Evidence, Implications, and sources with 2026 Agent Planning Benchmark evidence).
Domain coverage: reviewed across 1 domains.

## [ENT-833] | 2026-09-30 06:49 UTC | Librarian | library | ref: library/macro-micro/auction-design-and-mechanism-design.md | see: 20260930T063833Z
Wrote topic Auction Design and Mechanism Design -- Building Rules That Make Private Information Actionable to macro-micro. Weighted score: 9.8/10.0
(core=9.8, scope=9.9, value=9.7, authority=9.8).
Similarity overlap: 35%.
Sources: 15 (15 high, 0 medium, 0 low).
Cross-references: 4 topics.

## [ENT-834] | 2026-09-30 07:18 UTC | Librarian | library | ref: library/books/influence-psychology-of-persuasion.md
Review cycle: 1 topics reviewed, 0 current, 1 rewritten.
Topics:
- Influence -- Cialdini's Seven Principles Organize Compliance Tactics but Do Not Make Persuasion Automatic (books): rewritten (corrected current-edition principle count, study and source identities, numerical results, and overstated mechanisms; reconciled citations and expanded all mandatory sections).
Domain coverage: reviewed across 1 domains.

## [ENT-835] | 2026-09-30 07:20 UTC | Librarian | library | ref: library/health-medicine/clinical-trials-and-evidence-based-medicine.md | see: 20260930T070808Z
Wrote topic Clinical Trials and Evidence-Based Medicine -- Designing Trustworthy Tests of Treatment Benefits and Harms to health-medicine. Weighted score: 9.9/10.0
(core=10.0, scope=9.8, value=9.7, authority=10.0).
Similarity overlap: 45%.
Sources: 16 (16 high, 0 medium, 0 low).
Cross-references: 5 topics.

## [ENT-836] | 2026-09-30 07:53 UTC | Librarian | library | ref: library/law-regulation/bankruptcy-and-restructuring-law.md | see: 20260930T074058Z
Wrote topic Bankruptcy and Restructuring Law -- How Priority, Stays, and Reorganization Allocate Financial Distress to law-regulation. Weighted score: 9.8/10.0
(core=9.8, scope=9.8, value=9.8, authority=9.9).
Similarity overlap: 18%.
Sources: 14 (14 high, 0 medium, 0 low).
Cross-references: 4 topics.

## [ENT-837] | 2026-09-30 08:12 UTC | Librarian | library | ref: library/candidate-queue.md
Discovery cycle: 4 domains scanned, 4 candidates proposed, 0 skipped (queue capped at 25).
Candidates:
- Defense Industry Economics -- Procurement Cycles, Program Risk, and Concentrated Buyers (9.9): gap=9.8, compounding=9.9, timeliness=10.0, balance=10.0
- Publicly Traded Partnerships and Master Limited Partnerships -- Pass-Through Taxation, Control, and Distribution Risk (9.5): gap=9.6, compounding=9.6, timeliness=8.8, balance=10.0
- Daniel Kahneman -- Judgment Under Uncertainty, Intellectual Partnership, and Self-Correction (9.7): gap=9.7, compounding=10.0, timeliness=9.2, balance=10.0
- Residual Income Valuation -- Pricing the Gap Between Book Equity and Economic Profit (9.8): gap=9.8, compounding=9.9, timeliness=9.3, balance=10.0
Domain balance: industries-sectors (15 topics) to coding-agentic-ai (18 topics).

