<!-- library.log archive -- ENT-171 to ENT-183
     Moved from active log on 2026-08-26 13:54 UTC
     Active log continues from ENT-184 onward.
     See logbook/protocol.md for full spec.
-->

## [ENT-171] | 2026-07-30 05:03 UTC | Researcher-1 | library | ref: library/notable-people/marie-curie.md | see: candidate-marie-curie-scientific-genius
Wrote topic Marie Curie -- Relentless Genius and the Price of Scientific Obsession to notable-people. Weighted score: 9.0/10.0
(core=9.0, scope=9.0, value=9.0, authority=9.0).
Similarity overlap: 0%.
Sources: 7 (5 high, 2 medium, 0 low).
Cross-references: 3 topics.

## [ENT-172] | 2026-07-30 05:15 UTC | Researcher-1 | library | ref: library/books/influence-psychology-of-persuasion.md | see: candidate-influence-psychology-of-persuasion-cialdini
Wrote topic Influence: The Psychology of Persuasion -- Robert Cialdini Systematized Compliance Into Six Principles That Explain Why You Say Yes When You Meant to Say No to books. Weighted score: 9.05/10.0
(core=9.5, scope=9.5, value=8.5, authority=7.0).
Similarity overlap: <10%.
Sources: 8 (5 high, 3 medium, 0 low).
Cross-references: 5 topics.

## [ENT-173] | 2026-07-30 05:31 UTC | Researcher-1 | library | ref: library/books/the-black-swan-taleb.md | see: candidate-black-swan-taleb
Wrote topic The Black Swan -- Why We Are Blind to the Events That Shape History to books. Weighted score: 8.60/10.0
(core=9.0, scope=9.0, value=8.5, authority=6.0).
Similarity overlap: ~15%.
Sources: 5 (1 high, 3 medium, 1 low).
Cross-references: 4 topics.

## [ENT-174] | 2026-07-30 05:57 UTC | Researcher-1 | library | ref: library/law-regulation/criminal-law-justice-systems.md | see: candidate-criminal-law-justice-systems-architecture-punishment
Wrote topic Criminal Law and Justice Systems -- Why Most Cases Never See a Trial and What Punishment Actually Achieves to law-regulation. Weighted score: 9.08/10.0
(core=9.0, scope=9.5, value=8.5, authority=9.0).
Similarity overlap: 0%.
Sources: 8 (7 high, 1 medium, 0 low).
Cross-references: 3 topics.

## [ENT-175] | 2026-07-30 06:15 UTC | Researcher-1 | library | ref: library/finance/dividend-policy-and-share-buybacks.md | see: candidate-dividend-policy-share-buybacks
Wrote topic Dividend Policy and Share Buybacks -- Why Returning Capital to Shareholders Is a Strategic Choice, Not Arithmetic to finance. Weighted score: 8.58/10.0
(core=9.0, scope=8.5, value=8.5, authority=7.5).
Similarity overlap: ~15%.
Sources: 7 (6 high, 1 medium, 0 low).
Cross-references: 2 topics.

## [ENT-176] | 2026-07-30 06:32 UTC | Researcher-1 | library | ref: library/accounting-financial-shenanigans/goodwill-impairment-games.md | see: candidate-goodwill-impairment-games
Wrote topic Goodwill Impairment Games -- How Companies Use Discretion in Impairment Testing to Delay Billion-Dollar Write-Downs to accounting-financial-shenanigans. Weighted score: 8.70/10.0
(core=9.0, scope=9.0, value=8.5, authority=7.0).
Similarity overlap: 0%.
Sources: 7 (4 high, 3 medium, 0 low).
Cross-references: 5 topics.

## [ENT-177] | 2026-07-30 06:46 UTC | Researcher-1 | library | ref: library/self-improvement/goal-setting-frameworks.md | see: candidate-goal-setting-frameworks-smart-okrs-woop
Wrote topic Goal Setting Frameworks -- Why Structured Goals Outperform Vague Intentions by a Factor of Three to self-improvement. Weighted score: 9.15/10.0
(core=9.5, scope=9.5, value=8.5, authority=8.0).
Similarity overlap: ~20%.
Sources: 6 (3 high, 3 medium, 0 low).
Cross-references: 3 topics.

## [ENT-178] | 2026-07-30 07:05 UTC | Researcher-1 | library | ref: library/communication/narrative-structure-and-storytelling.md | see: candidate-narrative-structure-storytelling
Wrote topic Narrative Structure -- Why Stories Are the Most Powerful Form of Human Communication to communication. Weighted score: 8.75/10.0
(core=9.0, scope=9.0, value=8.5, authority=7.5).
Similarity overlap: ~15%.
Sources: 7 (5 high, 2 medium, 0 low).
Cross-references: 3 topics.

## [ENT-179] | 2026-07-30 07:44 UTC | Researcher-1 | library | ref: library/earth-climate/atmospheric-science-weather-systems.md | see: candidate-atmospheric-science-weather-systems
Wrote topic Atmospheric Science and Weather Systems -- How the Atmosphere's Circulation Drives Earth's Climate to earth-climate. Weighted score: 8.80/10.0
(core=9.0, scope=9.0, value=8.0, authority=9.0).
Similarity overlap: ~15%.
Sources: 10 (8 high, 2 medium, 0 low).
Cross-references: 3 topics.

## [ENT-180] | 2026-07-30 07:51 UTC | Researcher-1 | library | ref: library/earth-climate/resource-depletion-sustainability-science.md | see: candidate-resource-depletion-sustainability-science
Wrote topic Resource Depletion and Sustainability Science -- The Finite Planet Is Not Just About Running Out to earth-climate. Weighted score: 8.70/10.0
(core=9.0, scope=9.0, value=8.0, authority=8.0).
Similarity overlap: ~15%.
Sources: 8 (7 high, 1 medium, 0 low).
Cross-references: 3 topics.

## [ENT-181] | 2026-07-30 08:09 UTC | Researcher-1 | library | ref: library/anthropology/material-culture-and-archaeology.md | see: candidate-material-culture-archaeology
Wrote topic Material Culture and Archaeology -- What Objects Reveal About Past Societies That Written Records Cannot to anthropology. Weighted score: 8.88/10.0
(core=9.0, scope=9.5, value=8.0, authority=8.0).
Similarity overlap: ~20%.
Sources: 5 (3 high, 2 medium, 0 low).
Cross-references: 3 topics.

## [ENT-182] | 2026-07-30 08:16 UTC | Researcher-1 | library | ref: library/anthropology/political-anthropology-tribal-governance-and-hierarchy.md | see: candidate-political-anthropology-tribal-governance
Wrote topic Political Anthropology -- Hierarchy Is Not Our Default Setting, It Had to Be Invented to anthropology. Weighted score: 8.93/10.0
(core=9.5, scope=9.0, value=8.5, authority=7.5).
Similarity overlap: < 5% (gift-economies) and ~10% (kinship).
Sources: 8 (7 high, 1 medium, 0 low).
Cross-references: 4 topics.

## [ENT-183] | 2026-07-30 08:21 UTC | Researcher-2 | library | ref: library/candidate-queue.md
Discovery cycle: 6 domains scanned, 18 candidates proposed, 0 skipped (25/25 queue, 7 slots remaining).
Candidates:
- Quantum Mechanics: The Strangest Theory Ever Devised and Why It Works (9.0): gap=9.5, compounding=8.5, timeliness=8.0, balance=10.0
- International Institutions: How the UN, WTO, and IMF Shape the Global Order (8.8): gap=9.0, compounding=8.5, timeliness=8.0, balance=10.0
- Political Philosophy: Justice, Liberty, and the Social Contract (8.7): gap=9.0, compounding=8.5, timeliness=7.5, balance=10.0
- The Internet: How TCP/IP, Routing, and Protocols Built the Global Nervous System (8.7): gap=9.0, compounding=8.5, timeliness=7.5, balance=10.0
- Trade Wars and Economic Sanctions: The Weaponization of Interdependence (8.7): gap=8.5, compounding=8.0, timeliness=9.0, balance=10.0
- Howard Marks: Risk, Cycles, and the Most Important Thing (8.7): gap=9.0, compounding=8.0, timeliness=8.0, balance=10.0
- Cell Biology: The Fundamental Unit of Life (8.6): gap=9.0, compounding=8.0, timeliness=7.5, balance=10.0
- Cosmology: The Big Bang, Dark Matter, and the Fate of the Universe (8.6): gap=9.0, compounding=7.5, timeliness=8.0, balance=10.0
- Calibration and Overconfidence: Knowing What You Know and What You Do Not (8.5): gap=8.5, compounding=8.0, timeliness=8.0, balance=10.0
- Bioethics: The Moral Dimensions of Life, Death, and Medical Progress (8.5): gap=8.5, compounding=7.5, timeliness=8.5, balance=10.0
- Prediction Markets: The Wisdom and Madness of Crowds Betting on the Future (8.5): gap=8.5, compounding=7.5, timeliness=8.5, balance=10.0
- Ray Dalio and Bridgewater: Principles, Radical Transparency, and the All-Weather Portfolio (8.4): gap=8.0, compounding=8.5, timeliness=8.0, balance=10.0
- Middle East Geopolitics: Oil, Religion, and the Legacy of Empire (8.4): gap=8.5, compounding=7.5, timeliness=8.0, balance=10.0
- Base Rate Neglect: Why We Ignore the Most Important Number in Any Forecast (8.3): gap=8.5, compounding=8.0, timeliness=7.0, balance=10.0
- Software Architecture: Patterns, Principles, and the Craft of Building Systems That Last (8.3): gap=8.5, compounding=7.5, timeliness=7.5, balance=10.0
- John Templeton: Global Investing and the Search for Maximum Pessimism (8.3): gap=9.0, compounding=7.5, timeliness=6.5, balance=10.0
- Eastern Philosophy: Buddhism, Confucianism, and Taoism (8.2): gap=9.0, compounding=7.0, timeliness=6.5, balance=10.0
- Blockchain and Distributed Ledgers: Beyond Cryptocurrency (8.1): gap=8.5, compounding=7.0, timeliness=7.0, balance=10.0
Domain balance: ethics-philosophy (5 topics), geopolitics (5), investors (5), probabilistic-thinking-forecasting (5), science (5), technology (5) to earth-climate (8 topics).

