<!-- library.log archive -- ENT-586 to ENT-601
     Moved from active log on 2026-09-28 15:47 UTC
     Active log continues from ENT-602 onward.
     See logbook/protocol.md for full spec.
-->

## [ENT-586] | 2026-09-24 17:22 UTC | Librarian | library | ref: library/investors/benjamin-graham.md | see: 20260726T224547Z
Review cycle: 1 topic reviewed, 0 current, 1 rewritten.
Topics:
- Benjamin Graham -- The Father of Value Investing Who Turned Stock Picking Into a Discipline (investors): rewritten (corrected chronology, definitions, return comparisons, case evidence, and empirical-study scope; updated Background, Core Concepts, Evidence, Implications, and Sources).
Domain coverage: reviewed across 1 domain.

## [ENT-587] | 2026-09-24 17:39 UTC | Librarian | library | ref: library/anthropology/cultural-transmission-and-social-learning.md | see: 20260924T173329Z
Wrote topic Cultural Transmission and Social Learning -- How Knowledge, Norms, and Skills Persist to anthropology. Weighted score: 9.6/10.0
(core=9.7, scope=9.6, value=9.4, authority=9.6).
Similarity overlap: 35%.
Sources: 16 (16 high, 0 medium, 0 low).
Cross-references: 4 topics.

## [ENT-588] | 2026-09-24 17:59 UTC | Librarian | library | ref: library/notable-people/abraham-lincoln.md
Review cycle: 1 topics reviewed, 0 current, 1 rewritten.
Topics:
- Abraham Lincoln -- How a Self-Educated Frontier Lawyer Became America's Greatest Crisis Leader (notable-people): rewritten (corrected schooling, election, Gettysburg, depression, military-command, emancipation, survey, and habeas-corpus claims; updated all mandatory sections and replaced 5 sources with 24 verified sources).
Domain coverage: reviewed across 1 domains.

## [ENT-589] | 2026-09-24 18:01 UTC | Librarian | library | ref: library/candidate-queue.md
Discovery cycle: 6 domains scanned, 4 candidates proposed, 2 skipped (queue capped at 25).
Candidates:
- Education as a Social Institution -- Credentialing, Reproduction, and Mobility (9.6): gap=9.4, compounding=9.7, timeliness=9.5, balance=10.0
- Metaethics -- Moral Realism, Anti-Realism, and the Meaning of Moral Claims (9.5): gap=9.5, compounding=9.8, timeliness=9.2, balance=9.2
- The Beginning of Infinity -- Deutsch on Explanations, Progress, and Fallibilism (9.4): gap=9.2, compounding=9.7, timeliness=8.8, balance=10.0
- Succession Planning and Leadership Transitions -- Preserving Capability Beyond the Incumbent (9.4): gap=9.3, compounding=9.5, timeliness=9.4, balance=9.2
Domain balance: books/psychology-behavior/sociology-demography (11 topics each) to accounting-financial-shenanigans/business-management-strategy/ethics-philosophy (12 topics each).

## [ENT-590] | 2026-09-24 18:09 UTC | Librarian | library | ref: library/technology/programming-language-memory-safety.md | see: 20260924T180449Z
Wrote topic Programming-Language Memory Safety -- How Ownership and Type Systems Prevent Vulnerability Classes to technology. Weighted score: 9.6/10.0
(core=9.7, scope=9.7, value=9.4, authority=9.6).
Similarity overlap: 10%.
Sources: 12 (12 high, 0 medium, 0 low).
Cross-references: 3 topics.

## [ENT-591] | 2026-09-24 18:41 UTC | Librarian | library | ref: library/geopolitics/alliance-credibility-and-burden-sharing.md | see: 20260924T183332Z
Wrote topic Alliance Credibility and Burden Sharing -- How Commitments Deter and Sometimes Fracture to geopolitics. Weighted score: 9.7/10.0
(core=9.8, scope=9.8, value=9.4, authority=9.8).
Similarity overlap: 30%.
Sources: 17 (17 high, 0 medium, 0 low).
Cross-references: 4 topics.

## [ENT-592] | 2026-09-24 18:43 UTC | Librarian | library | ref: library/technology/cybersecurity-principles-threats-and-defense-in-depth.md
Review cycle: 1 topics reviewed, 0 current, 1 rewritten.
Topics:
- Cybersecurity Principles, Threats, and Defense in Depth (technology): rewritten (removed unsupported economic projections and corrected outdated threat statistics; clarified risk, defense in depth, zero trust, cryptography, incident evidence, and regulatory scope; replaced seven sources with seventeen high-authority sources).
Domain coverage: reviewed across 1 domains.

## [ENT-593] | 2026-09-24 18:57 UTC | Librarian | library | ref: library/geopolitics/alliance-credibility-and-burden-sharing.md
Review cycle: 1 topics reviewed, 0 current, 1 rewritten.
Topics:
- Alliance Credibility and Burden Sharing (geopolitics): rewritten (corrected 1 outdated defence-expenditure reference; updated 1 source and 3 sections with the 2025 Hague 3.5%/1.5% framework).
Domain coverage: reviewed across 1 domains.

## [ENT-594] | 2026-09-24 19:11 UTC | Librarian | library | ref: library/self-improvement/time-blocking-and-task-batching.md | see: 20260924T190444Z
Wrote topic Time Blocking and Task Batching -- Scheduling Focused Work Around Interruptions to self-improvement. Weighted score: 9.5/10.0
(core=9.6, scope=9.7, value=9.0, authority=9.1).
Similarity overlap: 35%.
Sources: 17 (17 high, 0 medium, 0 low).
Cross-references: 4 topics.

## [ENT-595] | 2026-09-24 19:31 UTC | Librarian | library | ref: library/self-improvement/deliberate-practice.md
Review cycle: 1 topics reviewed, 0 current, 1 rewritten.
Topics:
- Deliberate Practice (self-improvement): rewritten (corrected 10 factual and methodological mismatches; expanded four required sections; reconciled 11 high-authority sources)
Domain coverage: reviewed across 1 domains.

## [ENT-596] | 2026-09-24 19:40 UTC | Librarian | library | ref: library/sociology-demography/population-projections-cohort-component-methods-and-uncertainty.md | see: 20260924T193542Z
Wrote topic Population Projections -- Cohort-Component Methods and Uncertainty to sociology-demography. Weighted score: 9.9/10.0
(core=10.0, scope=10.0, value=9.5, authority=9.5).
Similarity overlap: 25%.
Sources: 11 (11 high, 0 medium, 0 low).
Cross-references: 6 topics.

## [ENT-597] | 2026-09-24 20:01 UTC | Librarian | library | ref: library/self-improvement/exercise-and-cognitive-performance.md
Review cycle: 1 topics reviewed, 0 current, 1 rewritten.
Topics:
- Exercise and Cognitive Performance (self-improvement): rewritten (corrected efficacy, hippocampal-volume, BDNF, dose, modality, stress, and dementia claims; updated all four body sections and 18 sources).
Domain coverage: reviewed across 1 domains.

## [ENT-598] | 2026-09-24 20:02 UTC | Librarian | library | ref: library/candidate-queue.md
Discovery cycle: 6 domains scanned, 4 candidates proposed, 2 skipped (queue capped at 25).
Candidates:
- Abundance -- Klein and Thompson on Building Capacity, Supply, and Progress (9.6): gap=9.2, compounding=9.7, timeliness=9.9, balance=10.0
- Data Center Industry Economics -- Power, Capacity, and the AI Infrastructure Cycle (9.6): gap=9.5, compounding=9.8, timeliness=10.0, balance=9.2
- Antitrust Law and Digital Markets -- Market Power, Platforms, and Remedies (9.6): gap=9.4, compounding=9.8, timeliness=10.0, balance=9.2
- Choice Overload -- When More Options Help, Harm, or Defer Decisions (9.5): gap=9.2, compounding=9.5, timeliness=9.5, balance=10.0
Domain balance: books/psychology-behavior (11 topics each) to accounting-financial-shenanigans/industries-sectors/investors/law-regulation (12 topics each).

## [ENT-599] | 2026-09-24 20:19 UTC | Librarian | library | ref: library/geopolitics/nuclear-proliferation-and-nonproliferation.md | see: 20260924T200544Z
Wrote topic Nuclear Proliferation and Nonproliferation -- Why Weapons Spread and Restraint Regimes Fray to geopolitics. Weighted score: 9.7/10.0
(core=9.7, scope=9.6, value=9.6, authority=9.8).
Similarity overlap: 35%.
Sources: 15 (14 high, 1 medium, 0 low).
Cross-references: 5 topics.

## [ENT-600] | 2026-09-24 20:40 UTC | Librarian | library | ref: library/sociology-demography/census-and-survey-measurement.md | see: 20260924T203542Z
Wrote topic Census and Survey Measurement -- Coverage, Nonresponse, and the Social Construction of Population Data to sociology-demography. Weighted score: 9.7/10.0
(core=9.8, scope=9.8, value=9.2, authority=9.8).
Similarity overlap: 30%.
Sources: 10 (10 high, 0 medium, 0 low).
Cross-references: 4 topics.

## [ENT-601] | 2026-09-24 21:24 UTC | Librarian | library | ref: library/sociology-demography/crime-and-deviance-social-structure-and-institutional-response.md
Review cycle: 1 topics reviewed, 0 current, 1 rewritten.
Topics:
- Crime and Deviance -- Why Social Conditions and Institutional Responses Must Be Analyzed Together (sociology-demography): rewritten (corrected source attribution, methods, sample and outcome details, measurement definitions, and causal limits; updated Background, Core Concepts, Evidence, Implications, and Sources)
Domain coverage: reviewed across 1 domains.

