<!-- library.log archive -- ENT-374 to ENT-386
     Moved from active log on 2026-09-21 07:00 UTC
     Active log continues from ENT-387 onward.
     See logbook/protocol.md for full spec.
-->

## [ENT-374] | 2026-09-04 05:22 UTC | Library Runner | library | ref: library/coding-agentic-ai/agent-protocol-design.md | see: candidate-queue
Wrote topic Agent Protocol Design -- Standards for Agent Interoperability and Communication to coding-agentic-ai. Weighted score: 9.3/10.0
(core=9.5, scope=9.5, value=8.5, authority=9.0).
Similarity overlap: 25%.
Sources: 9 (9 high, 0 medium, 0 low).
Cross-references: 4 topics.

## [ENT-375] | 2026-09-04 05:39 UTC | Library Runner | library | ref: library/engineering-infrastructure/systems-engineering-complex-systems-under-constraints.md | see: candidate-queue
Wrote topic Systems Engineering -- The Discipline of Designing Complex Systems Under Constraints to engineering-infrastructure. Weighted score: 9.7/10.0
(core=9.8, scope=10.0, value=9.2, authority=9.5).
Similarity overlap: 30%.
Sources: 10 (10 high, 0 medium, 0 low).
Cross-references: 3 topics.

## [ENT-376] | 2026-09-04 05:47 UTC | Library Runner | library | ref: library/candidate-queue.md
Discovery cycle: 6 domains scanned, 12 candidates proposed, 0 skipped.
Candidates:
- Hypothesis Testing and the p-Value Debate (9.25): gap=9.0, compounding=9.0, timeliness=9.5, balance=10.0
- Media Ecosystem and Platform Dynamics (9.10): gap=9.0, compounding=9.0, timeliness=9.5, balance=9.0
- Ecosystem Science and Ecology (8.93): gap=9.0, compounding=8.5, timeliness=8.5, balance=10.0
- Philosophy of Science (8.93): gap=9.0, compounding=8.5, timeliness=8.5, balance=10.0
- Hedge Fund Risk Management (8.85): gap=8.5, compounding=9.0, timeliness=8.5, balance=10.0
- Logic and Critical Thinking (8.83): gap=9.0, compounding=8.5, timeliness=8.0, balance=10.0
- Volatility Targeting (8.83): gap=9.0, compounding=8.5, timeliness=8.0, balance=10.0
- Natural Disaster Mechanisms (8.80): gap=9.0, compounding=8.0, timeliness=8.5, balance=10.0
- Monte Carlo Methods (8.75): gap=8.5, compounding=9.0, timeliness=8.0, balance=10.0
- Forensic Accounting Methodology (8.70): gap=9.0, compounding=9.0, timeliness=7.5, balance=9.0
- Cookie-Jar Reserves and Expense Manipulation (8.68): gap=9.0, compounding=8.5, timeliness=8.0, balance=9.0
- Semiotics and Meaning-Making (8.58): gap=9.0, compounding=8.5, timeliness=7.5, balance=9.0
Domain balance: earth-climate, ethics-philosophy, mathematics-statistics, portfolio-risk-management (8 topics) to value-investing (18 topics).

## [ENT-377] | 2026-09-08 07:39 UTC | Librarian | library | ref: library/coding-agentic-ai/self-improving-agent-systems.md | see: candidate-self-improving-agent-systems-20260902
Wrote topic Self-Improving Agent Systems -- Agents That Learn From Their Own Execution to coding-agentic-ai. Weighted score: 9.7/10.0
(core=9.7, scope=9.8, value=9.5, authority=9.5).
Similarity overlap: 45%.
Sources: 10 (10 high, 0 medium, 0 low).
Cross-references: 5 topics.

## [ENT-378] | 2026-09-08 08:13 UTC | Librarian | library | ref: library/sociology-demography/crime-and-deviance-social-structure-and-institutional-response.md | see: candidate-queue
Wrote topic Crime and Deviance -- Social Sources of Criminal Behavior and Institutional Response to sociology-demography. Weighted score: 9.33/10.0
(core=9.5, scope=9.3, value=9.0, authority=9.5).
Similarity overlap: 55%.
Sources: 11 (11 high, 0 medium, 0 low).
Cross-references: 5 topics.

## [ENT-379] | 2026-09-08 08:43 UTC | Librarian | library | ref: library/earth-climate/oceanography-marine-systems.md | see: candidate-queue
Wrote topic Oceanography and Marine Systems -- Ocean Circulation, Thermohaline Dynamics, and Marine Ecosystems to earth-climate. Weighted score: 9.7/10.0
(core=9.8, scope=9.8, value=9.5, authority=9.5).
Similarity overlap: 55%.
Sources: 11 (11 high, 0 medium, 0 low).
Cross-references: 5 topics.

## [ENT-380] | 2026-09-08 09:07 UTC | Librarian | library | ref: library/macro-micro/unemployment-and-labor-markets.md | see: candidate-queue
Wrote topic Unemployment and Labor Markets -- Why Joblessness Is the Single Most Contested Indicator in Macroeconomics to macro-micro. Weighted score: 9.9/10.0
(core=10.0, scope=10.0, value=9.5, authority=9.8).
Similarity overlap: 35%.
Sources: 9 (9 high, 0 medium, 0 low).
Cross-references: 3 topics.

## [ENT-381] | 2026-09-08 09:24 UTC | Librarian | library | ref: library/mathematics-statistics/time-series-analysis.md | see: candidate-queue
Wrote topic Time Series Analysis -- Methods for Modeling Data That Changes Over Time to mathematics-statistics. Weighted score: 9.6/10.0
(core=9.5, scope=10.0, value=9.0, authority=9.5).
Similarity overlap: 15%.
Sources: 10 (10 high, 0 medium, 0 low).
Cross-references: 4 topics.

## [ENT-382] | 2026-09-08 09:40 UTC | Librarian | library | ref: library/mathematics-statistics/optimization-theory.md | see: candidate-queue
Wrote topic Optimization Theory -- A Common Language for Choosing the Best Feasible Action Under Constraints to mathematics-statistics. Weighted score: 9.7/10.0
(core=9.8, scope=9.8, value=9.4, authority=9.5).
Similarity overlap: 35%.
Sources: 8 (8 high, 0 medium, 0 low).
Cross-references: 4 topics.

## [ENT-383] | 2026-09-08 20:38 UTC | Morpheus | library | ref: library/guide-library.md | see: 20260719T220256Z
Library pipeline maintenance: canonical and shared skills updated.
Invocation: direct assignments and cron prompts use the same procedures.
Review: never reviewed or six calendar months old; correct every identified mismatch before stamping.
Publication: existing sync lock, stale-input checks, scoped commits, and verified author/committer identity.
Index workflow: fresh-state bounded retries and automated publisher tests.
Verification: 44 isolated tests and final independent review passed; all three runtime mirrors match canonical bytes.
Cron configuration unchanged; no discovery, writing, or review cycle started.

## [ENT-384] | 2026-09-08 21:51 UTC | Librarian | library | ref: library/accounting-financial-shenanigans/acquisition-accounting-tricks.md
Review cycle: 5 topics reviewed, 0 current, 5 rewritten.
Topics:
- Acquisition Accounting Tricks (accounting-financial-shenanigans): rewritten (corrected Shalev and Potepa evidence, replaced inaccessible and stale source references, updated Tyco evidence)
- Food and Agriculture in Cultural Context (anthropology): rewritten (corrected subsistence typology, forager work-time interpretation, Kharaneh IV sample claim, and gender/diet claims; updated sources)
- A Random Walk Down Wall Street (books): rewritten (updated SPIVA, active-management critique, fee data, fiduciary-rule status, and CalPERS evidence; updated sources)
- Corporate Governance and Board Effectiveness (business-management-strategy): rewritten (corrected Caremark and Marchand doctrine, executive-pay claims, activism evidence, and source metadata)
- The 2008 Financial Crisis (case-studies): rewritten (corrected housing-policy causation, AIG CDS exposure, leverage ratios, foreclosure counts, stress-test history, Basel III, and SVB evidence; updated sources)
Domain coverage: reviewed across 5 domains.

## [ENT-385] | 2026-09-09 06:10 UTC | Morpheus | library | ref: library/guide-library.md | see: ENT-384
Reviewer procedure updated: at most two topics; independent research, source cleanup, and full template re-read/checklist verification before stamping.
Template change: abbreviated example label only; existing checklist and word minimums unchanged.
Correction to ENT-384: the five-topic run published successfully, but three topics failed word minimums; publication success was not full template compliance.
Personal corrective topic review remains incomplete because source retrieval is blocked; no corrective topic changes or review stamps published.

## [ENT-386] | 2026-09-09 06:29 UTC | Morpheus | library | ref: library/accounting-financial-shenanigans/acquisition-accounting-tricks.md | see: ENT-384
Review stamp correction: removed reviewed: 2026-09-08 at Suggi's explicit request.
Reason: the prior run did not establish full template compliance.
Topic content and original identity preserved; corrective review pending.


<!-- Appended 2026-09-21 11:09 UTC -- ENT-387 to ENT-403 -->

## [ENT-387] | 2026-09-09 06:35 UTC | Morpheus | library | ref: library/accounting-financial-shenanigans/acquisition-accounting-tricks.md | see: ENT-386
Review cycle: 1 topic reviewed, 0 current, 1 rewritten.
Topics:
- Acquisition Accounting Tricks (accounting-financial-shenanigans): corrected acquisition consideration, restructuring liabilities, tax amortization, measurement-period recognition, study attribution, and WorldCom chronology; removed unsupported citations and developed forensic applications.
Domain coverage: reviewed across 1 domain.
Template re-read and final checklist verified; words: Background 723, Core Concepts 1863, Evidence 941, Implications 1008.
Sources: 11 high-authority entries; all 6 cross-reference targets verified.

## [ENT-388] | 2026-09-09 06:37 UTC | Morpheus | library | ref: library/anthropology/food-and-agriculture-in-cultural-context.md | see: ENT-384
Review stamp correction: removed reviewed: 2026-09-08 at Suggi's explicit request.
Reason: the prior run did not establish full template compliance.
Topic content and original identity preserved; corrective review pending.

## [ENT-389] | 2026-09-09 06:41 UTC | Morpheus | library | ref: library/anthropology/food-and-agriculture-in-cultural-context.md | see: ENT-388
ERROR: Food and Agriculture in Cultural Context corrective review incomplete.
Failed checks: source support and final template compliance.
Confirmed issues: Richards 1932/1939 book conflation; Kuk cultivation chronology overgeneralized; Implications below the template word minimum.
Unresolved evidence: detailed Lee/Kaplan work-time figures, Hayden domestication interpretation, and Grasshopper diet findings could not be verified from accessible full source text; bibliographic records are insufficient.
Paid search/extraction reports SUBSCRIPTION_REQUIRED; direct publisher requests return access errors. Public Crossref searches and several direct primary sources succeeded but did not resolve all claims.
No topic content or new review stamp published; prior stamp removed with explicit user approval.

## [ENT-390] | 2026-09-09 06:42 UTC | Morpheus | library | ref: library/books/a-random-walk-down-wall-street.md | see: ENT-384
Review stamp correction: removed reviewed: 2026-09-08 at Suggi's explicit request.
Reason: the prior run did not establish full template compliance.
Topic content and original identity preserved; corrective review pending.

## [ENT-391] | 2026-09-09 06:59 UTC | Morpheus | library | ref: library/anthropology/food-and-agriculture-in-cultural-context.md | see: ENT-389
Review cycle: 1 topic reviewed, 0 current, 1 rewritten.
Topics:
- Food and Agriculture in Cultural Context (anthropology): rewritten (corrected chronology and attribution, replaced unsupported findings with verified sources, filled conceptual and application gaps; final template checklist passed).
Domain coverage: reviewed across 1 domain.

## [ENT-392] | 2026-09-09 07:12 UTC | Morpheus | library | ref: library/books/a-random-walk-down-wall-street.md | see: ENT-390
Review cycle: 1 topic reviewed, 0 current, 1 rewritten.
Topics:
- A Random Walk Down Wall Street (books): rewritten (corrected efficiency and cost-arithmetic claims, benchmark interpretation and legal timing; replaced unsupported citations; final template checklist passed).
Domain coverage: reviewed across 1 domain.

## [ENT-393] | 2026-09-09 07:13 UTC | Morpheus | library | ref: library/business-management-strategy/corporate-governance-board-effectiveness.md | see: ENT-384
Review stamp correction: removed reviewed: 2026-09-08 at Suggi's explicit request.
Reason: the prior run did not establish full template compliance.
Topic content and original identity preserved; corrective review pending.

## [ENT-394] | 2026-09-09 07:28 UTC | Morpheus | library | ref: library/business-management-strategy/corporate-governance-board-effectiveness.md | see: ENT-393
Review cycle: 1 topic reviewed, 0 current, 1 rewritten.
Topics:
- Corporate Governance and Board Effectiveness (business-management-strategy): rewritten (corrected agency-cost, compensation and causal claims; repaired stewardship source; added minority-owner analysis; final template checklist passed).
Domain coverage: reviewed across 1 domain.

## [ENT-395] | 2026-09-09 07:29 UTC | Morpheus | library | ref: library/case-studies/2008-financial-crisis.md | see: ENT-384
Review stamp correction: removed reviewed: 2026-09-08 at Suggi's explicit request.
Reason: the prior run did not establish full template compliance.
Topic content and original identity preserved; corrective review pending.

## [ENT-396] | 2026-09-09 07:49 UTC | Morpheus | library | ref: library/case-studies/2008-financial-crisis.md | see: ENT-395
Review cycle: 1 topic reviewed, 0 current, 1 rewritten.
Topics:
- The 2008 Financial Crisis (case-studies): rewritten (corrected funding, CDS, AIG and loss-measure claims; developed all deficient sections with primary evidence and applications; final template checklist passed).
Domain coverage: reviewed across 1 domain.

## [ENT-397] | 2026-09-14 19:47 UTC | Librarian | library | ref: library/accounting-financial-shenanigans/cash-flow-shenanigans.md
Review cycle: 2 topics reviewed, 0 current, 2 rewritten.
Topics:
- Cash Flow Shenanigans -- Real Cash Can Still Tell a Misleading Operating Story (accounting-financial-shenanigans): rewritten (corrected classification, factoring, customer-advance, acquisition, one-time-item, and unsupported-evidence claims; replaced sources and expanded mandatory sections)
- Gift Economies and Reciprocity -- Gifts Create Relationships, but Returns Are Culturally Contingent (anthropology): rewritten (corrected universal-reciprocity, Kula, potlatch, ultimatum-game, commodity-market, and modern-example claims; replaced sources and expanded mandatory sections)
Domain coverage: reviewed across 2 domains.

## [ENT-398] | 2026-09-19 09:19 UTC | Librarian | library | ref: library/value-investing/berkshire-annual-reports-1965-1975.md | see: 20260901T173228Z
Review cycle: 1 topics reviewed, 0 current, 1 rewritten.
Topics:
- Berkshire Hathaway Annual Reports 1965-1975 -- How a Spite-Bought Textile Mill Became the Seed of a Compounding Empire (value-investing): rewritten (corrected 2 mismatches, updated 11 sources and 1 section)
Domain coverage: reviewed across 1 domains.

## [ENT-399] | 2026-09-19 10:53 UTC | Librarian | library | ref: library/value-investing/berkshire-annual-reports-1976-1985.md
Review cycle: 1 topics reviewed, 0 current, 1 rewritten.
Topics:
- Berkshire Hathaway Annual Reports 1976-1985 (value-investing): rewritten (corrected 10 factual/source mismatches, updated 4 sections and primary-source coverage).
Domain coverage: reviewed across 1 domains.

## [ENT-400] | 2026-09-20 09:03 UTC | Librarian | library | ref: library/ethics-philosophy/philosophy-of-mind-hard-problem-of-consciousness.md | see: 20260920T085522Z
Wrote topic Philosophy of Mind -- The Hard Problem of Consciousness and Why It Remains Unresolved to ethics-philosophy. Weighted score: 9.7/10.0
(core=9.8, scope=9.9, value=9.4, authority=9.6).
Similarity overlap: 18%.
Sources: 14 (13 high, 1 medium, 0 low).
Cross-references: 3 topics.

## [ENT-401] | 2026-09-20 09:10 UTC | Librarian | library | ref: library/candidate-queue.md
Discovery cycle: 6 domains scanned, 6 candidates proposed, 0 skipped (queue capped at 25).
Candidates:
- Moral Uncertainty and Decision-Making -- Acting When Ethical Theories Conflict (8.89): gap=9.0, compounding=9.0, timeliness=8.5, balance=8.9
- Portfolio Stress Testing and Scenario Analysis -- Testing Portfolios Against Adverse Conditions (8.85): gap=8.5, compounding=9.0, timeliness=8.5, balance=10.0
- Round-Tripping and Reciprocal Transactions -- Detecting Circular Revenue Schemes (8.26): gap=8.0, compounding=8.5, timeliness=8.0, balance=8.9
- Ethnographic Methods and Participant Observation -- How Anthropology Produces Cultural Knowledge (8.56): gap=9.0, compounding=8.5, timeliness=7.5, balance=8.9
- Source Verification and Fact-Checking -- Testing Claims Before Publication (8.79): gap=8.5, compounding=9.0, timeliness=9.0, balance=8.9
- Groundwater and Aquifer Systems -- Hidden Freshwater Stores Under Environmental Pressure (8.76): gap=9.0, compounding=8.5, timeliness=8.5, balance=8.9
Domain balance: portfolio-risk-management (8 topics) to accounting-financial-shenanigans, anthropology, communication, earth-climate, ethics-philosophy (9 topics each).

## [ENT-402] | 2026-09-20 09:30 UTC | Librarian | library | ref: library/macro-micro/currency-and-exchange-rates.md | see: 20260920T092445Z
Wrote topic Currency and Exchange Rates -- How the Value of Money Itself Becomes a Macroeconomic Variable to macro-micro. Weighted score: 9.8/10.0
(core=10.0, scope=9.8, value=9.5, authority=10.0).
Similarity overlap: 25%.
Sources: 13 (13 high, 0 medium, 0 low).
Cross-references: 4 topics.

## [ENT-403] | 2026-09-20 09:30 UTC | Librarian | library | ref: library/case-studies/apple-turnaround-1997-2010.md
Review cycle: 1 topics reviewed, 0 current, 1 rewritten.
Topics:
- The Apple Turnaround (1997-2010) (case-studies): rewritten (corrected Jobs appointment, loss and liquidity, restructuring, portfolio, switching-cost, and market-cap mismatches; updated 15 sources and all four body sections).
Domain coverage: reviewed across 1 domains.

