<!-- library.log archive -- ENT-465 to ENT-479
     Moved from active log on 2026-09-23 03:47 UTC
     Active log continues from ENT-480 onward.
     See logbook/protocol.md for full spec.
-->

## [ENT-465] | 2026-09-21 12:49 UTC | Librarian | library | ref: library/science/measurement-and-metrology.md | see: 20260921T123828Z
Wrote topic Measurement and Metrology -- How Science Defines, Calibrates, and Compares the Physical World to science. Weighted score: 9.7/10.0
(core=9.8, scope=9.7, value=9.6, authority=10.0).
Similarity overlap: 31%.
Sources: 14 (14 high, 0 medium, 0 low).
Cross-references: 3 topics.

## [ENT-466] | 2026-09-21 13:10 UTC | Librarian | library | ref: library/political-science-public-policy/comparative-political-regimes.md | see: 20260902T040051Z
Review cycle: 1 topics reviewed, 0 current, 1 rewritten.
Topics:
- Comparative Political Regimes -- How Institutional Design Separates Democracies From Autocracies and Why the Boundary Is Blurring (political-science-public-policy): rewritten (corrected stale V-Dem counts, source attributions, publication metadata, democracy-growth findings, and autocratic-survival findings; updated all four mandatory sections and 27 sources).
Domain coverage: reviewed across 1 domains.

## [ENT-467] | 2026-09-21 13:16 UTC | Librarian | library | ref: library/psychology-behavior/attention-salience-and-cognitive-control.md | see: 20260921T130915Z
Wrote topic Attention, Salience, and Cognitive Control -- Why What We Notice Shapes What We Decide to psychology-behavior. Weighted score: 9.6/10.0
(core=9.7, scope=9.8, value=9.2, authority=9.7).
Similarity overlap: 38%.
Sources: 16 (16 high, 0 medium, 0 low).
Cross-references: 5 topics.

## [ENT-468] | 2026-09-21 13:28 UTC | Librarian | library | ref: library/portfolio-risk-management/behavioral-aspects-of-risk-tolerance.md
Review cycle: 1 topics reviewed, 0 current, 1 rewritten.
Topics:
- Behavioral Aspects of Risk Tolerance -- Why Investor Psychology Determines Portfolio Success (portfolio-risk-management): rewritten (corrected one unsupported source mapping and 55 legacy inline citations; clarified risk-profile terminology and added retirement-default evidence plus 2 high-authority sources).
Domain coverage: reviewed across 1 domains.

## [ENT-469] | 2026-09-21 13:48 UTC | Librarian | library | ref: library/notable-people/florence-nightingale-data-institutions-modern-nursing.md | see: 20260921T133847Z
Wrote topic Florence Nightingale -- Data, Institutions, and the Making of Modern Nursing to notable-people. Weighted score: 9.4/10.0
(core=9.4, scope=9.6, value=9.0, authority=9.4).
Similarity overlap: 10%.
Sources: 16 (15 high, 1 medium, 0 low).
Cross-references: 3 topics.

## [ENT-470] | 2026-09-21 13:55 UTC | Librarian | library | ref: library/value-investing/capital-allocation.md
Review cycle: 1 topics reviewed, 0 current, 1 rewritten.
Topics:
- Capital Allocation -- Why the CEO's Most Important Job Is Deciding Where Every Dollar Goes (value-investing): rewritten (corrected 8 factual or framing mismatches; expanded all mandatory sections and reconciled 13 sources).
Domain coverage: reviewed across 1 domains.

## [ENT-471] | 2026-09-21 14:05 UTC | Librarian | library | ref: library/candidate-queue.md
Discovery cycle: 5 domains scanned, 4 candidates proposed, 1 skipped (queue capped at 25).
Candidates:
- The Meiji Restoration -- State Building, Industrialization, and Japan's Imperial Turn (8.99): gap=9.0, compounding=9.0, timeliness=8.2, balance=10.0
- Metacognition and Self-Regulated Learning -- Planning, Monitoring, and Revising How One Learns (8.97): gap=8.8, compounding=9.2, timeliness=9.0, balance=9.0
- Corrosion and Materials Degradation -- Protecting Assets Across Their Engineered Lifecycle (8.82): gap=8.8, compounding=9.0, timeliness=8.5, balance=9.0
- Initial Public Offerings and Primary Capital Markets -- How Firms Raise Equity and Enter Public Markets (8.78): gap=8.7, compounding=9.0, timeliness=8.5, balance=9.0
- Horror as Cultural Anxiety -- Genre, Fear, and Social Change Across Media (8.75): gap=8.5, compounding=8.6, timeliness=8.5, balance=10.0; skipped: queue capacity
Domain balance: history and pop-culture (9 topics) to education-learning, engineering-infrastructure, and finance (10 topics).

## [ENT-472] | 2026-09-21 14:11 UTC | Librarian | library | ref: library/finance/insurance-underwriting-economics.md | see: 20260921T140530Z
Wrote topic Insurance Underwriting Economics -- Float, Reserves, Cycles, and the Discipline of Pricing Risk to finance. Weighted score: 9.7/10.0
(core=9.8, scope=9.8, value=9.2, authority=9.6).
Similarity overlap: 15%.
Sources: 13 (13 high, 0 medium, 0 low).
Cross-references: 4 topics.

## [ENT-473] | 2026-09-21 14:43 UTC | Librarian | library | ref: library/industries-sectors/airline-industry-economics-fixed-costs-networks-and-cycles.md | see: 20260921T143821Z
Wrote topic Airline Industry Economics -- Fixed Costs, Networks, and Cycles in a Structurally Difficult Business to industries-sectors. Weighted score: 9.5/10.0
(core=9.5, scope=9.8, value=9.3, authority=9.3).
Similarity overlap: 35%.
Sources: 11 (9 high, 2 medium, 0 low).
Cross-references: 5 topics.

## [ENT-474] | 2026-09-21 14:48 UTC | Librarian | library | ref: library/business-management-strategy/customer-acquisition-and-retention.md
Review cycle: 1 topics reviewed, 0 current, 1 rewritten.
Topics:
- Customer Acquisition and Retention (business-management-strategy): rewritten (corrected unsupported cost, channel, budget, retention-model, NRR, and NPS claims; updated all body sections and replaced the source set with 18 verified references)
Domain coverage: reviewed across 1 domains.

## [ENT-475] | 2026-09-21 15:17 UTC | Librarian | library | ref: library/history/great-depression-financial-collapse-policy-failure-and-institutional-change.md | see: 20260921T150456Z
Wrote topic The Great Depression -- Financial Collapse, Policy Failure, and Institutional Change to history. Weighted score: 9.7/10.0
(core=9.8, scope=9.7, value=9.6, authority=9.8).
Similarity overlap: 20%.
Sources: 18 (18 high, 0 medium, 0 low).
Cross-references: 3 topics.

## [ENT-476] | 2026-09-21 15:39 UTC | Librarian | library | ref: library/case-studies/berkshire-geico-investment.md | see: 20260901T083315Z
Review cycle: 1 topics reviewed, 0 current, 1 rewritten.
Topics:
- Berkshire Hathaway's GEICO Investment -- How a 1951 Train Ride Became a Permanent Insurance Engine (case-studies): rewritten (corrected position-size, crisis, acquisition-valuation, distribution-model, market-rank, leadership, and current-results claims; updated all mandatory sections and 14 sources).
Domain coverage: reviewed across 1 domains.

## [ENT-477] | 2026-09-21 15:43 UTC | Librarian | library | ref: library/industries-sectors/pharmaceutical-industry-economics.md | see: 20260921T153729Z
Wrote topic Pharmaceutical Industry Economics -- Patents, R&D, Regulation, and Profit Pools to industries-sectors. Weighted score: 9.9/10.0
(core=10.0, scope=10.0, value=9.5, authority=10.0).
Similarity overlap: 35%.
Sources: 14 (14 high, 0 medium, 0 low).
Cross-references: 4 topics.

## [ENT-478] | 2026-09-21 16:06 UTC | Librarian | library | ref: library/candidate-queue.md
Discovery cycle: 4 domains scanned, 3 candidates proposed, 1 skipped (queue capped at 25).
Candidates:
- Antimicrobial Resistance and Antibiotic Stewardship -- Preserving Effective Treatment (9.20): gap=9.0, compounding=9.4, timeliness=9.5, balance=9.0
- Transfer of Learning and Generalization -- When Knowledge Travels to New Problems (8.96): gap=8.8, compounding=9.4, timeliness=8.7, balance=9.0
- Process Safety Management and Hazard Analysis -- Preventing High-Consequence Failures Before They Occur (8.91): gap=8.8, compounding=9.2, timeliness=8.7, balance=9.0
Skipped (queue capacity):
- Horror as Cultural Anxiety -- Genre, Fear, and Social Change Across Media (8.86): gap=8.5, compounding=8.8, timeliness=8.8, balance=10.0
Domain balance: pop-culture (9 topics) to education-learning, engineering-infrastructure, health-medicine (10 topics).

## [ENT-479] | 2026-09-21 16:14 UTC | Librarian | library | ref: library/finance/asset-management-economics-incentives-scale-and-financial-intermediation.md | see: 20260921T160637Z
Wrote topic Asset Management Economics -- Incentives, Scale, and Financial Intermediation to finance. Weighted score: 9.7/10.0
(core=10.0, scope=9.8, value=8.9, authority=9.8).
Similarity overlap: 25%.
Sources: 14 (14 high, 0 medium, 0 low).
Cross-references: 3 topics.

