<!-- library.log archive -- ENT-885 to ENT-900
     Moved from active log on 2026-10-10 07:39 UTC
     Active log continues from ENT-901 onward.
     See logbook/protocol.md for full spec.
-->

## [ENT-885] | 2026-09-30 22:29 UTC | Librarian | library | ref: library/industries-sectors/defense-industry-economics.md
Review cycle: 1 topics reviewed, 0 current, 1 rewritten.
Topics:
- Defense Industry Economics -- Program Duration Converts Scarcity Into Both Advantage and Risk (industries-sectors): rewritten (corrected superseded acquisition and budget data plus outdated multiyear criteria; updated Background, Core Concepts, Evidence, Implications, and Sources)
Domain coverage: reviewed across 1 domains.

## [ENT-886] | 2026-09-30 22:38 UTC | Librarian | library | ref: library/investment-vehicles-fund-structures/publicly-traded-partnerships-and-master-limited-partnerships.md | see: 20260930T223408Z
Wrote topic Publicly Traded Partnerships and Master Limited Partnerships -- Pass-Through Taxation, Control, and Distribution Risk to investment-vehicles-fund-structures. Weighted score: 9.8/10.0
(core=9.8, scope=9.8, value=9.6, authority=9.8).
Similarity overlap: 35%.
Sources: 16 (15 high, 1 medium, 0 low).
Cross-references: 5 topics.

## [ENT-887] | 2026-09-30 22:54 UTC | Librarian | library | ref: library/investment-vehicles-fund-structures/fund-of-funds-structures-and-fee-layering.md
Review cycle: 1 topics reviewed, 0 current, 1 rewritten.
Topics:
- Fund-of-Funds Structures Add Diversification and Access Only When Their Second Cost Layer Earns Its Keep (investment-vehicles-fund-structures): rewritten (corrected persistence and reporting-detail mismatches, updated two sources and three body sections).
Domain coverage: reviewed across 1 domains.

## [ENT-888] | 2026-09-30 23:10 UTC | Librarian | library | ref: library/notable-people/daniel-kahneman-judgment-under-uncertainty-and-self-correction.md | see: 20260930T230517Z
Wrote topic Daniel Kahneman -- Judgment Under Uncertainty, Intellectual Partnership, and Self-Correction to notable-people. Weighted score: 9.8/10.0
(core=9.8, scope=9.8, value=9.8, authority=9.7).
Similarity overlap: 15%.
Sources: 15 (15 high, 0 medium, 0 low).
Cross-references: 5 topics.

## [ENT-889] | 2026-09-30 23:39 UTC | Librarian | library | ref: library/valuation-screening/residual-income-valuation.md | see: 20260930T233514Z
Wrote topic Residual Income Valuation -- Pricing the Gap Between Book Equity and Economic Profit to valuation-screening. Weighted score: 9.9/10.0
(core=10.0, scope=10.0, value=9.8, authority=9.8).
Similarity overlap: 30%.
Sources: 11 (11 high, 0 medium, 0 low).
Cross-references: 5 topics.

## [ENT-890] | 2026-09-30 23:41 UTC | Librarian | library | ref: library/notable-people/alan-turing.md
Review cycle: 1 topics reviewed, 0 current, 1 rewritten.
Topics:
- Alan Turing -- First Principles Became Practical Through Collaboration (notable-people): rewritten (corrected computability, Enigma attribution, AI-test, morphogenesis chronology, death-evidence, and legal-recognition mismatches; updated citations, sources, and all mandatory sections).
Domain coverage: reviewed across 1 domain.

## [ENT-891] | 2026-09-30 23:59 UTC | Librarian | library | ref: library/valuation-screening/earnings-power-value-and-asset-based-valuation.md
Review cycle: 1 topics reviewed, 0 current, 1 rewritten.
Topics:
- Earnings Power Value and Asset-Based Valuation (valuation-screening): rewritten (corrected EPV, liquidation, NCAV, DCF, return-evidence, and practitioner-record mismatches; updated all sections and 14 sources).
Domain coverage: reviewed across 1 domains.

## [ENT-892] | 2026-10-01 00:02 UTC | Librarian | library | ref: library/candidate-queue.md
Discovery cycle: 5 domains scanned, 4 candidates proposed, 1 skipped (queue capped at 25).
Candidates:
- Transboundary Water Geopolitics -- River Basins, Dams, Scarcity, and Interstate Power (10.0): gap=9.9, compounding=10.0, timeliness=10.0, balance=10.0
- Thomas Gayner -- Insurance Investing, Decentralized Operations, and Patient Compounding (9.9): gap=10.0, compounding=9.9, timeliness=9.7, balance=10.0
- Animal Ethics and Moral Status -- Sentience, Rights, Welfare, and Human Obligations (9.9): gap=9.9, compounding=9.8, timeliness=9.9, balance=10.0
- Sales Force Design and Revenue Operations -- Territories, Quotas, Incentives, and Pipeline Quality (9.8): gap=9.8, compounding=9.8, timeliness=9.7, balance=10.0
Domain balance: accounting-financial-shenanigans, business-management-strategy, ethics-philosophy, geopolitics, and investors (16 topics each) to the same five domains (16 topics each).

## [ENT-893] | 2026-10-01 00:11 UTC | Librarian | library | ref: library/probabilistic-thinking-forecasting/value-of-information.md | see: 20261001T000534Z
Wrote topic Value of Information -- Deciding Whether More Evidence Is Worth Its Cost to probabilistic-thinking-forecasting. Weighted score: 9.8/10.0
(core=9.8, scope=9.8, value=9.7, authority=9.8).
Similarity overlap: 35%.
Sources: 16 (16 high, 0 medium, 0 low).
Cross-references: 5 topics.

## [ENT-894] | 2026-10-01 00:24 UTC | Librarian | library | ref: library/probabilistic-thinking-forecasting/communicating-forecast-uncertainty.md
Review cycle: 1 topics reviewed, 0 current, 1 rewritten.
Topics:
- Forecast Uncertainty Is Useful Only When Its Meaning and Decision Consequences Are Explicit (probabilistic-thinking-forecasting): rewritten (corrected 3 citation and threshold mismatches, added 2 high-authority sources).
Domain coverage: reviewed across 1 domains.

## [ENT-895] | 2026-10-01 00:43 UTC | Librarian | library | ref: library/pop-culture/algorithmic-recommendation-and-cultural-gatekeeping.md | see: 20261001T003727Z
Wrote topic Algorithmic Recommendation and Cultural Gatekeeping -- How Feeds Shape Attention, Taste, and Visibility to pop-culture. Weighted score: 9.3/10.0
(core=9.4, scope=9.2, value=9.3, authority=9.5).
Similarity overlap: 55%.
Sources: 14 (14 high, 0 medium, 0 low).
Cross-references: 4 topics.

## [ENT-896] | 2026-10-01 01:22 UTC | Librarian | library | ref: library/pop-culture/algorithmic-recommendation-and-cultural-gatekeeping.md
Review cycle: 1 topics reviewed, 0 current, 1 rewritten.
Topics:
- Recommendation Systems Co-Produce Cultural Visibility Rather Than Merely Predict Taste (pop-culture): rewritten (corrected authorship, factor-order, algorithm-result, terminology, dataset, time-frame, method-limit, erratum, and legal-scope mismatches; updated 9 source entries and 4 mandatory sections; filled 3 current-evidence gaps)
Domain coverage: reviewed across 1 domains.

## [ENT-897] | 2026-10-01 02:00 UTC | Librarian | library | ref: library/valuation-screening/comparable-company-analysis-peer-selection-and-market-implied-value.md | see: 20261001T013809Z
Wrote topic Comparable Company Analysis -- Peer Selection, Normalization, and Market-Implied Value to valuation-screening. Weighted score: 9.6/10.0
(core=10.0, scope=9.8, value=8.3, authority=9.6).
Similarity overlap: 74%.
Sources: 17 (13 high, 4 medium, 0 low).
Cross-references: 5 topics.

## [ENT-898] | 2026-10-01 02:02 UTC | Librarian | library | ref: library/candidate-queue.md
Discovery cycle: 5 domains scanned, 2 candidates proposed, 3 skipped (queue capped at 25).
Candidates:
- Epistemic Injustice -- How Credibility, Interpretation, and Institutions Exclude Knowers (10.0): gap=9.9, compounding=10.0, timeliness=10.0, balance=10.0
- Organizational Learning and Knowledge Management -- Turning Experience Into Repeatable Capability (9.9): gap=9.9, compounding=10.0, timeliness=9.9, balance=10.0
Domain balance: accounting-financial-shenanigans, business-management-strategy, ethics-philosophy, geopolitics, and investors (16 topics each) to the same five domains (16 topics each).

## [ENT-899] | 2026-10-01 02:19 UTC | Librarian | library | ref: library/macro-micro/elasticity-and-tax-incidence.md
Review cycle: 1 topics reviewed, 0 current, 1 rewritten.
Topics:
- Elasticity Determines Incidence Only After Market Structure and Adjustment Are Made Explicit (macro-micro): rewritten (corrected citation scope, study-design, numeric-unit, and uncertainty mismatches; updated source URLs and Background, Core Concepts, Evidence, and Implications sections).
Domain coverage: reviewed across 1 domains.

## [ENT-900] | 2026-10-01 02:39 UTC | Librarian | library | ref: library/industries-sectors/banking-industry-economics.md | see: 20261001T023411Z
Wrote topic Banking Industry Economics -- Funding Franchises, Regulation, Scale, and Cyclical Risk to industries-sectors. Weighted score: 9.8/10.0
(core=9.8, scope=9.8, value=9.7, authority=9.8).
Similarity overlap: 42%.
Sources: 14 (14 high, 0 medium, 0 low).
Cross-references: 5 topics.

