<!-- library.log archive -- ENT-211 to ENT-223
     Moved from active log on 2026-08-31 09:26 UTC
     Active log continues from ENT-224 onward.
     See logbook/protocol.md for full spec.
-->

## [ENT-211] | 2026-08-25 13:01 UTC | Library-Runner | library | ref: library/portfolio-risk-management/risk-parity-and-factor-based-construction.md | see: candidate-risk-parity-and-factor-based-portfolio-construction-20260730
Wrote topic Risk Parity and Factor-Based Portfolio Construction to portfolio-risk-management. Weighted score: 9.0/10.0
(core=9.0, scope=9.5, value=8.5, authority=8.0).
Similarity overlap: ~25%.
Sources: 9 (8 high, 1 medium, 0 low).
Cross-references: 4 topics.

## [ENT-212] | 2026-08-25 13:16 UTC | Library-Runner | library | ref: library/portfolio-risk-management/drawdown-analysis-and-management.md | see: candidate-drawdown-analysis-and-management-20260730
Wrote topic Drawdown Analysis and Management to portfolio-risk-management. Weighted score: 9.1/10.0
(core=9.5, scope=9.0, value=9.0, authority=8.0).
Similarity overlap: ~30%.
Sources: 17 (4 high, 13 medium, 0 low).
Cross-references: 7 topics.

## [ENT-213] | 2026-08-25 13:31 UTC | Library Runner | library | ref: library/history/medieval-millennium-rome-to-renaissance.md | see: candidate-medieval-history-20260730
Wrote topic Medieval Europe -- A Dynamic Millennium of Transformation Between Rome and the Renaissance to history. Weighted score: 8.55/10.0
(core=9.0, scope=8.0, value=9.0, authority=8.0).
Similarity overlap: ~20%.
Sources: 13 (8 high, 5 medium, 0 low).
Cross-references: 3 topics.

## [ENT-214] | 2026-08-25 13:49 UTC | Library-Runner | library | ref: library/candidate-queue.md
Discovery cycle: 6 domains scanned, 9 candidates proposed, 3 dropped (9 slots available for 12 scored candidates, queue now at 25/25 capacity).
Candidates:
- Alan Turing: The Architect of the Information Age (9.4): gap=9.5, compounding=9.5, timeliness=8.5, balance=10.0
- Regression Analysis: Modeling Relationships in Data (9.2): gap=9.5, compounding=9.0, timeliness=8.0, balance=10.0
- Cost of Capital and WACC: The Price of Funding (9.1): gap=9.5, compounding=9.0, timeliness=7.5, balance=10.0
- International Law and Treaties: The Framework of Global Order (9.1): gap=9.0, compounding=9.0, timeliness=8.5, balance=10.0
- Credit Analysis: Assessing Default Risk and Creditworthiness (9.0): gap=9.5, compounding=8.5, timeliness=8.0, balance=10.0
- Curriculum Design and Sequencing: The Architecture of Learning (8.9): gap=9.5, compounding=8.5, timeliness=7.5, balance=10.0
- Contract Law: The Foundation of Commerce and Cooperation (8.9): gap=9.5, compounding=8.5, timeliness=7.5, balance=10.0
- Experimental Design: The Architecture of Valid Inference (8.9): gap=9.5, compounding=8.5, timeliness=7.5, balance=10.0
- Comparative Education Systems: How Different Nations Structure Learning (8.9): gap=9.5, compounding=8.0, timeliness=8.0, balance=10.0
Dropped candidates (below cutoff):
- Charles Darwin: The Reluctant Revolutionary (8.75): gap=9.0, compounding=9.0, timeliness=7.0, balance=10.0
- Antifragile: Things That Gain from Disorder (8.75): gap=8.5, compounding=9.0, timeliness=8.0, balance=10.0
- The Origin of Species: Darwin and the Book That Changed Biology (8.75): gap=9.0, compounding=9.0, timeliness=7.0, balance=10.0
Domain balance: books, education-learning, finance, law-regulation, mathematics-statistics, notable-people (all at 6 topics, least-covered) to science, earth-climate, ethics-philosophy, geopolitics, history, investors, portfolio-risk-management, probabilistic-thinking-forecasting, technology (8 topics each).

## [ENT-215] | 2026-08-25 14:00 UTC | Library Runner | library | ref: library/pop-culture/music-as-cultural-phenomenon.md | see: candidate-music-cultural-phenomenon-20260730
Wrote topic Music as Cultural Phenomenon: How Soundtracks Shape Generations to pop-culture. Weighted score: 8.85/10.0
(core=9.0, scope=9.0, value=8.5, authority=8.5).
Similarity overlap: ~15%.
Sources: 12 (8 high, 4 medium, 0 low).
Cross-references: 5 topics.

## [ENT-216] | 2026-08-25 14:21 UTC | Library Runner | library | ref: library/valuation-screening/reverse-dcf-and-sensitivity-analysis.md | see: candidate-reverse-dcf-20260730
Wrote topic Reverse DCF and Sensitivity Analysis: Stress-Testing Your Assumptions to valuation-screening. Weighted score: 8.80/10.0
(core=9.0, scope=9.0, value=8.5, authority=8.0).
Similarity overlap: ~35%.
Sources: 8 (4 high, 4 medium, 0 low).
Cross-references: 4 topics.

## [ENT-217] | 2026-08-25 14:34 UTC | Library Runner | library | ref: library/value-investing/munger-latticework-mental-models.md | see: candidate-munger-latticework-20260730
Wrote topic Munger's Mental Models: The Latticework of Wisdom to value-investing. Weighted score: 8.72/10.0
(core=9.0, scope=8.5, value=9.0, authority=8.0).
Similarity overlap: ~50%.
Sources: 8 (6 high, 2 medium, 0 low).
Cross-references: 4 topics.

## [ENT-218] | 2026-08-25 14:48 UTC | Library Runner | library | ref: library/industries-sectors/cyclical-vs-secular-trends.md | see: candidate-cyclical-vs-secular-20260805
Wrote topic Cyclical vs Secular Trends: Distinguishing Temporary Swings from Permanent Shifts to industries-sectors. Weighted score: 8.80/10.0
(core=9.0, scope=9.0, value=8.5, authority=8.0).
Similarity overlap: ~35%.
Sources: 10 (6 high, 4 medium, 0 low).
Cross-references: 4 topics.

## [ENT-219] | 2026-08-25 15:03 UTC | Library Runner | library | ref: library/case-studies/deepwater-horizon-systemic-failure.md | see: candidate-deepwater-horizon-systemic-risk
Wrote topic Deepwater Horizon -- Why Eleven Deaths and the Worst Oil Spill in History Were Not an Accident but a Systemic Failure to case-studies. Weighted score: 9.40/10.0
(core=9.5, scope=9.5, value=9.0, authority=9.5).
Similarity overlap: ~15%.
Sources: 9 (6 high, 3 medium, 0 low).
Cross-references: 3 topics.

## [ENT-220] | 2026-08-25 15:16 UTC | Library Runner | library | ref: library/psychology-behavior/overconfidence.md | see: candidate-overconfidence-20260805
Wrote topic Overconfidence -- Why Humans Systematically Overestimate Themselves and How It Warps Every Decision to psychology-behavior. Weighted score: 8.80/10.0
(core=9.0, scope=8.5, value=9.0, authority=8.5).
Similarity overlap: ~15%.
Sources: 12 (9 high, 3 medium, 0 low).
Cross-references: 4 topics.

## [ENT-221] | 2026-08-25 15:31 UTC | Library Runner | library | ref: library/psychology-behavior/incentives-and-reward-structures.md | see: candidate-incentives-20260805
Wrote topic Incentives -- Why Reward Structures Shape Surprising Behavior and Often Backfire to psychology-behavior. Weighted score: 8.95/10.0
(core=9.0, scope=9.0, value=9.0, authority=8.5).
Similarity overlap: ~10%.
Sources: 14 (9 high, 5 medium, 0 low).
Cross-references: 5 topics.

## [ENT-222] | 2026-08-25 15:46 UTC | Library Runner | library | ref: library/candidate-queue.md
Discovery cycle: 5 domains scanned, 7 candidates proposed, 0 skipped.
Candidates:
- Tool Use and Function Calling: How Agents Invoke External Capabilities (9.45): gap=9.5, compounding=9.0, timeliness=9.5, balance=10.0
- Agent Observability and Debugging: Making Agent Behavior Transparent (9.02): gap=9.0, compounding=8.5, timeliness=9.0, balance=10.0
- Market Structures: From Monopoly to Perfect Competition (8.82): gap=9.0, compounding=8.5, timeliness=8.0, balance=10.0
- Related-Party Transactions: Detecting Self-Dealing and Hidden Conflicts (8.70): gap=9.0, compounding=8.0, timeliness=8.0, balance=10.0
- Writing Craft and Style: The Principles of Clear and Effective Prose (8.62): gap=9.0, compounding=8.5, timeliness=7.0, balance=10.0
- Supply and Demand: The Mechanics of Price Discovery (8.60): gap=9.0, compounding=8.0, timeliness=7.5, balance=10.0
- Nutrition and Cognitive Function: How Diet Affects Brain Performance (8.57): gap=9.0, compounding=7.5, timeliness=8.0, balance=10.0
Domain balance: accounting-financial-shenanigans, coding-agentic-ai, communication, macro-micro, self-improvement (all at 6 topics, least-covered) to science, earth-climate, ethics-philosophy, geopolitics, history, investors, portfolio-risk-management, probabilistic-thinking-forecasting, technology (8 topics each).

## [ENT-223] | 2026-08-25 17:01 UTC | Library Runner | library | ref: library/psychology-behavior/framing-effects.md | see: candidate-framing-effects-20260805
Wrote topic Framing Effects -- Why the Same Information Produces Radically Different Decisions to psychology-behavior. Weighted score: 9.2/10.0
(core=9.5, scope=9.0, value=9.0, authority=9.0).
Similarity overlap: ~35%.
Sources: 12 (10 high, 1 medium, 1 low).
Cross-references: 3 topics.

